[    0.000000] Linux version 4.15.0-108-generic (buildd@lcy01-amd64-013) (gcc version 7.5.0 (Ubuntu 7.5.0-3ubuntu1~18.04)) #109-Ubuntu SMP Fri Jun 19 11:33:10 UTC 2020 (Ubuntu 4.15.0-108.109-generic 4.15.18)
[    0.000000] Command line: BOOT_IMAGE=/boot/vmlinuz-4.15.0-108-generic root=UUID=0679f1c9-b481-498c-ad60-511bcc87703f ro console=tty1 console=ttyS0
[    0.000000] KERNEL supported cpus:
[    0.000000]   Intel GenuineIntel
[    0.000000]   AMD AuthenticAMD
[    0.000000]   Centaur CentaurHauls
[    0.000000] x86/fpu: Supporting XSAVE feature 0x001: 'x87 floating point registers'
[    0.000000] x86/fpu: Supporting XSAVE feature 0x002: 'SSE registers'
[    0.000000] x86/fpu: Supporting XSAVE feature 0x004: 'AVX registers'
[    0.000000] x86/fpu: xstate_offset[2]:  576, xstate_sizes[2]:  256
[    0.000000] x86/fpu: Enabled xstate features 0x7, context size is 832 bytes, using 'standard' format.
[    0.000000] e820: BIOS-provided physical RAM map:
[    0.000000] BIOS-e820: [mem 0x0000000000000000-0x000000000009fbff] usable
[    0.000000] BIOS-e820: [mem 0x000000000009fc00-0x000000000009ffff] reserved
[    0.000000] BIOS-e820: [mem 0x00000000000f0000-0x00000000000fffff] reserved
[    0.000000] BIOS-e820: [mem 0x0000000000100000-0x00000000dffeffff] usable
[    0.000000] BIOS-e820: [mem 0x00000000dfff0000-0x00000000dfffffff] ACPI data
[    0.000000] BIOS-e820: [mem 0x00000000fec00000-0x00000000fec00fff] reserved
[    0.000000] BIOS-e820: [mem 0x00000000fee00000-0x00000000fee00fff] reserved
[    0.000000] BIOS-e820: [mem 0x00000000fffc0000-0x00000000ffffffff] reserved
[    0.000000] BIOS-e820: [mem 0x0000000100000000-0x0000000196ffffff] usable
[    0.000000] NX (Execute Disable) protection: active
[    0.000000] SMBIOS 2.5 present.
[    0.000000] DMI: innotek GmbH VirtualBox/VirtualBox, BIOS VirtualBox 12/01/2006
[    0.000000] Hypervisor detected: KVM
[    0.000000] e820: last_pfn = 0x197000 max_arch_pfn = 0x400000000
[    0.000000] MTRR: Disabled
[    0.000000] x86/PAT: MTRRs disabled, skipping PAT initialization too.
[    0.000000] CPU MTRRs all blank - virtualized system.
[    0.000000] x86/PAT: Configuration [0-7]: WB  WT  UC- UC  WB  WT  UC- UC  
[    0.000000] e820: last_pfn = 0xdfff0 max_arch_pfn = 0x400000000
[    0.000000] found SMP MP-table at [mem 0x0009fff0-0x0009ffff]
[    0.000000] Scanning 1 areas for low memory corruption
[    0.000000] RAMDISK: [mem 0x3595d000-0x36ca5fff]
[    0.000000] ACPI: Early table checksum verification disabled
[    0.000000] ACPI: RSDP 0x00000000000E0000 000024 (v02 VBOX  )
[    0.000000] ACPI: XSDT 0x00000000DFFF0030 00003C (v01 VBOX   VBOXXSDT 00000001 ASL  00000061)
[    0.000000] ACPI: FACP 0x00000000DFFF00F0 0000F4 (v04 VBOX   VBOXFACP 00000001 ASL  00000061)
[    0.000000] ACPI: DSDT 0x00000000DFFF0470 0022EA (v02 VBOX   VBOXBIOS 00000002 INTL 20180105)
[    0.000000] ACPI: FACS 0x00000000DFFF0200 000040
[    0.000000] ACPI: FACS 0x00000000DFFF0200 000040
[    0.000000] ACPI: APIC 0x00000000DFFF0240 00005C (v02 VBOX   VBOXAPIC 00000001 ASL  00000061)
[    0.000000] ACPI: SSDT 0x00000000DFFF02A0 0001CC (v01 VBOX   VBOXCPUT 00000002 INTL 20180105)
[    0.000000] No NUMA configuration found
[    0.000000] Faking a node at [mem 0x0000000000000000-0x0000000196ffffff]
[    0.000000] NODE_DATA(0) allocated [mem 0x196fd4000-0x196ffefff]
[    0.000000] kvm-clock: cpu 0, msr 1:96f53001, primary cpu clock
[    0.000000] kvm-clock: Using msrs 4b564d01 and 4b564d00
[    0.000000] kvm-clock: using sched offset of 3309224225 cycles
[    0.000000] clocksource: kvm-clock: mask: 0xffffffffffffffff max_cycles: 0x1cd42e4dffb, max_idle_ns: 881590591483 ns
[    0.000000] Zone ranges:
[    0.000000]   DMA      [mem 0x0000000000001000-0x0000000000ffffff]
[    0.000000]   DMA32    [mem 0x0000000001000000-0x00000000ffffffff]
[    0.000000]   Normal   [mem 0x0000000100000000-0x0000000196ffffff]
[    0.000000]   Device   empty
[    0.000000] Movable zone start for each node
[    0.000000] Early memory node ranges
[    0.000000]   node   0: [mem 0x0000000000001000-0x000000000009efff]
[    0.000000]   node   0: [mem 0x0000000000100000-0x00000000dffeffff]
[    0.000000]   node   0: [mem 0x0000000100000000-0x0000000196ffffff]
[    0.000000] Reserved but unavailable: 98 pages
[    0.000000] Initmem setup node 0 [mem 0x0000000000001000-0x0000000196ffffff]
[    0.000000] ACPI: PM-Timer IO Port: 0x4008
[    0.000000] IOAPIC[0]: apic_id 2, version 32, address 0xfec00000, GSI 0-23
[    0.000000] ACPI: INT_SRC_OVR (bus 0 bus_irq 0 global_irq 2 dfl dfl)
[    0.000000] ACPI: INT_SRC_OVR (bus 0 bus_irq 9 global_irq 9 low level)
[    0.000000] Using ACPI (MADT) for SMP configuration information
[    0.000000] smpboot: Allowing 2 CPUs, 0 hotplug CPUs
[    0.000000] PM: Registered nosave memory: [mem 0x00000000-0x00000fff]
[    0.000000] PM: Registered nosave memory: [mem 0x0009f000-0x0009ffff]
[    0.000000] PM: Registered nosave memory: [mem 0x000a0000-0x000effff]
[    0.000000] PM: Registered nosave memory: [mem 0x000f0000-0x000fffff]
[    0.000000] PM: Registered nosave memory: [mem 0xdfff0000-0xdfffffff]
[    0.000000] PM: Registered nosave memory: [mem 0xe0000000-0xfebfffff]
[    0.000000] PM: Registered nosave memory: [mem 0xfec00000-0xfec00fff]
[    0.000000] PM: Registered nosave memory: [mem 0xfec01000-0xfedfffff]
[    0.000000] PM: Registered nosave memory: [mem 0xfee00000-0xfee00fff]
[    0.000000] PM: Registered nosave memory: [mem 0xfee01000-0xfffbffff]
[    0.000000] PM: Registered nosave memory: [mem 0xfffc0000-0xffffffff]
[    0.000000] e820: [mem 0xe0000000-0xfebfffff] available for PCI devices
[    0.000000] Booting paravirtualized kernel on KVM
[    0.000000] clocksource: refined-jiffies: mask: 0xffffffff max_cycles: 0xffffffff, max_idle_ns: 7645519600211568 ns
[    0.000000] random: get_random_bytes called from start_kernel+0x99/0x4fd with crng_init=0
[    0.000000] setup_percpu: NR_CPUS:8192 nr_cpumask_bits:2 nr_cpu_ids:2 nr_node_ids:1
[    0.000000] percpu: Embedded 45 pages/cpu s147456 r8192 d28672 u1048576
[    0.000000] PV qspinlock hash table entries: 256 (order: 0, 4096 bytes)
[    0.000000] Built 1 zonelists, mobility grouping on.  Total pages: 1511865
[    0.000000] Policy zone: Normal
[    0.000000] Kernel command line: BOOT_IMAGE=/boot/vmlinuz-4.15.0-108-generic root=UUID=0679f1c9-b481-498c-ad60-511bcc87703f ro console=tty1 console=ttyS0
[    0.000000] Memory: 5932100K/6143544K available (12300K kernel code, 2481K rwdata, 4272K rodata, 2436K init, 2720K bss, 211444K reserved, 0K cma-reserved)
[    0.000000] SLUB: HWalign=64, Order=0-3, MinObjects=0, CPUs=2, Nodes=1
[    0.000000] Kernel/User page tables isolation: enabled
[    0.000000] ftrace: allocating 39378 entries in 154 pages
[    0.004000] Hierarchical RCU implementation.
[    0.004000] 	RCU restricting CPUs from NR_CPUS=8192 to nr_cpu_ids=2.
[    0.004000] 	Tasks RCU enabled.
[    0.004000] RCU: Adjusting geometry for rcu_fanout_leaf=16, nr_cpu_ids=2
[    0.004000] NR_IRQS: 524544, nr_irqs: 440, preallocated irqs: 16
[    0.004000] Console: colour VGA+ 80x25
[    0.004000] console [tty1] enabled
[    0.004000] console [ttyS0] enabled
[    0.004000] ACPI: Core revision 20170831
[    0.004000] ACPI: 2 ACPI AML tables successfully acquired and loaded
[    0.004000] APIC: Switch to symmetric I/O mode setup
[    0.004000] x2apic enabled
[    0.004000] Switched APIC routing to physical x2apic.
[    0.004000] ..TIMER: vector=0x30 apic1=0 pin1=2 apic2=-1 pin2=-1
[    0.004000] tsc: Detected 3599.998 MHz processor
[    0.004000] Calibrating delay loop (skipped) preset value.. 7199.99 BogoMIPS (lpj=14399992)
[    0.004000] pid_max: default: 32768 minimum: 301
[    0.004024] Security Framework initialized
[    0.004431] Yama: becoming mindful.
[    0.004800] AppArmor: AppArmor initialized
[    0.007141] Dentry cache hash table entries: 1048576 (order: 11, 8388608 bytes)
[    0.010413] Inode-cache hash table entries: 524288 (order: 10, 4194304 bytes)
[    0.012033] Mount-cache hash table entries: 16384 (order: 5, 131072 bytes)
[    0.012693] Mountpoint-cache hash table entries: 16384 (order: 5, 131072 bytes)
[    0.013658] Last level iTLB entries: 4KB 128, 2MB 8, 4MB 8
[    0.014193] Last level dTLB entries: 4KB 64, 2MB 0, 4MB 0, 1GB 4
[    0.014765] Spectre V1 : Mitigation: usercopy/swapgs barriers and __user pointer sanitization
[    0.015642] Spectre V2 : Mitigation: Full generic retpoline
[    0.016004] Spectre V2 : Spectre v2 / SpectreRSB mitigation: Filling RSB on context switch
[    0.016797] Speculative Store Bypass: Vulnerable
[    0.017293] SRBDS: Unknown: Dependent on hypervisor status
[    0.017828] MDS: Mitigation: Clear CPU buffers
[    0.018398] Freeing SMP alternatives memory: 36K
[    0.128754] smpboot: CPU0: Intel(R) Core(TM) i7-9700K CPU @ 3.60GHz (family: 0x6, model: 0x9e, stepping: 0xd)
[    0.129827] Performance Events: unsupported p6 CPU model 158 no PMU driver, software events only.
[    0.130752] Hierarchical SRCU implementation.
[    0.131604] NMI watchdog: Perf event create on CPU 0 failed with -2
[    0.132000] NMI watchdog: Perf NMI watchdog permanently disabled
[    0.132436] smp: Bringing up secondary CPUs ...
[    0.132962] x86: Booting SMP configuration:
[    0.133384] .... node  #0, CPUs:      #1
[    0.004000] kvm-clock: cpu 1, msr 1:96f53041, secondary cpu clock
[    0.136013] smp: Brought up 1 node, 2 CPUs
[    0.136422] smpboot: Max logical packages: 1
[    0.136855] smpboot: Total of 2 processors activated (14399.99 BogoMIPS)
[    0.137654] devtmpfs: initialized
[    0.137654] x86/mm: Memory block size: 128MB
[    0.137654] evm: security.selinux
[    0.137654] evm: security.SMACK64
[    0.137768] evm: security.SMACK64EXEC
[    0.140005] evm: security.SMACK64TRANSMUTE
[    0.140454] evm: security.SMACK64MMAP
[    0.140983] evm: security.apparmor
[    0.141487] evm: security.ima
[    0.142067] evm: security.capability
[    0.142588] clocksource: jiffies: mask: 0xffffffff max_cycles: 0xffffffff, max_idle_ns: 7645041785100000 ns
[    0.142588] futex hash table entries: 512 (order: 3, 32768 bytes)
[    0.144681] pinctrl core: initialized pinctrl subsystem
[    0.145296] RTC time: 20:25:01, date: 06/26/20
[    0.145907] NET: Registered protocol family 16
[    0.146452] audit: initializing netlink subsys (disabled)
[    0.147040] audit: type=2000 audit(1593203106.191:1): state=initialized audit_enabled=0 res=1
[    0.147040] cpuidle: using governor ladder
[    0.148010] cpuidle: using governor menu
[    0.148433] ACPI: bus type PCI registered
[    0.148839] acpiphp: ACPI Hot Plug PCI Controller Driver version: 0.5
[    0.149509] PCI: Using configuration type 1 for base access
[    0.150072] HugeTLB registered 2.00 MiB page size, pre-allocated 0 pages
[    0.152049] ACPI: Added _OSI(Module Device)
[    0.152487] ACPI: Added _OSI(Processor Device)
[    0.152974] ACPI: Added _OSI(3.0 _SCP Extensions)
[    0.153447] ACPI: Added _OSI(Processor Aggregator Device)
[    0.153965] ACPI: Added _OSI(Linux-Dell-Video)
[    0.154451] ACPI: Added _OSI(Linux-Lenovo-NV-HDMI-Audio)
[    0.154973] ACPI: Added _OSI(Linux-HPI-Hybrid-Graphics)
[    0.155659] ACPI: Executed 1 blocks of module-level executable AML code
[    0.158357] ACPI: Interpreter enabled
[    0.158862] ACPI: (supports S0 S5)
[    0.159224] ACPI: Using IOAPIC for interrupt routing
[    0.160172] PCI: Using host bridge windows from ACPI; if necessary, use "pci=nocrs" and report a bug
[    0.162640] ACPI: Enabled 2 GPEs in block 00 to 07
[    0.168221] ACPI: PCI Root Bridge [PCI0] (domain 0000 [bus 00-ff])
[    0.168863] acpi PNP0A03:00: _OSC: OS supports [ASPM ClockPM Segments MSI]
[    0.169821] acpi PNP0A03:00: _OSC: not requesting OS control; OS requires [ExtendedConfig ASPM ClockPM MSI]
[    0.170738] acpi PNP0A03:00: fail to add MMCONFIG information, can't access extended PCI configuration space under this bridge.
[    0.172203] PCI host bridge to bus 0000:00
[    0.172615] pci_bus 0000:00: root bus resource [io  0x0000-0x0cf7 window]
[    0.173248] pci_bus 0000:00: root bus resource [io  0x0d00-0xffff window]
[    0.173916] pci_bus 0000:00: root bus resource [mem 0x000a0000-0x000bffff window]
[    0.174855] pci_bus 0000:00: root bus resource [mem 0xe0000000-0xfdffffff window]
[    0.175659] pci_bus 0000:00: root bus resource [bus 00-ff]
[    0.177141] pci 0000:00:01.1: legacy IDE quirk: reg 0x10: [io  0x01f0-0x01f7]
[    0.177858] pci 0000:00:01.1: legacy IDE quirk: reg 0x14: [io  0x03f6]
[    0.178485] pci 0000:00:01.1: legacy IDE quirk: reg 0x18: [io  0x0170-0x0177]
[    0.179185] pci 0000:00:01.1: legacy IDE quirk: reg 0x1c: [io  0x0376]
[    0.244124] pci 0000:00:07.0: quirk: [io  0x4000-0x403f] claimed by PIIX4 ACPI
[    0.244873] pci 0000:00:07.0: quirk: [io  0x4100-0x410f] claimed by PIIX4 SMB
[    0.288718] ACPI: PCI Interrupt Link [LNKA] (IRQs 5 9 10 *11)
[    0.289564] ACPI: PCI Interrupt Link [LNKB] (IRQs 5 9 *10 11)
[    0.290203] ACPI: PCI Interrupt Link [LNKC] (IRQs 5 *9 10 11)
[    0.291083] ACPI: PCI Interrupt Link [LNKD] (IRQs 5 9 10 *11)
[    0.292679] SCSI subsystem initialized
[    0.293138] pci 0000:00:02.0: vgaarb: setting as boot VGA device
[    0.293138] pci 0000:00:02.0: vgaarb: VGA device added: decodes=io+mem,owns=io+mem,locks=none
[    0.293409] pci 0000:00:02.0: vgaarb: bridge control possible
[    0.293961] vgaarb: loaded
[    0.294287] ACPI: bus type USB registered
[    0.296020] usbcore: registered new interface driver usbfs
[    0.296565] usbcore: registered new interface driver hub
[    0.297114] usbcore: registered new device driver usb
[    0.297658] EDAC MC: Ver: 3.0.0
[    0.297658] PCI: Using ACPI for IRQ routing
[    0.297658] NetLabel: Initializing
[    0.297658] NetLabel:  domain hash size = 128
[    0.297658] NetLabel:  protocols = UNLABELED CIPSOv4 CALIPSO
[    0.300015] NetLabel:  unlabeled traffic allowed by default
[    0.300571] clocksource: Switched to clocksource kvm-clock
[    0.309107] VFS: Disk quotas dquot_6.6.0
[    0.309548] VFS: Dquot-cache hash table entries: 512 (order 0, 4096 bytes)
[    0.310266] AppArmor: AppArmor Filesystem Enabled
[    0.310766] pnp: PnP ACPI init
[    0.311706] pnp: PnP ACPI: found 3 devices
[    0.321034] clocksource: acpi_pm: mask: 0xffffff max_cycles: 0xffffff, max_idle_ns: 2085701024 ns
[    0.322006] NET: Registered protocol family 2
[    0.322598] TCP established hash table entries: 65536 (order: 7, 524288 bytes)
[    0.323657] TCP bind hash table entries: 65536 (order: 8, 1048576 bytes)
[    0.324973] TCP: Hash tables configured (established 65536 bind 65536)
[    0.325702] UDP hash table entries: 4096 (order: 5, 131072 bytes)
[    0.326329] UDP-Lite hash table entries: 4096 (order: 5, 131072 bytes)
[    0.326995] NET: Registered protocol family 1
[    0.327451] pci 0000:00:00.0: Limiting direct PCI/PCI transfers
[    0.328055] pci 0000:00:01.0: Activating ISA DMA hang workarounds
[    0.328667] pci 0000:00:02.0: Video device with shadowed ROM at [mem 0x000c0000-0x000dffff]
[    0.329546] Unpacking initramfs...
[    0.533159] Freeing initrd memory: 19748K
[    0.533675] PCI-DMA: Using software bounce buffering for IO (SWIOTLB)
[    0.534280] software IO TLB: mapped [mem 0xdbff0000-0xdfff0000] (64MB)
[    0.534923] clocksource: tsc: mask: 0xffffffffffffffff max_cycles: 0x33e451ab1a6, max_idle_ns: 440795278720 ns
[    0.535893] platform rtc_cmos: registered platform RTC device (no PNP device found)
[    0.536688] Scanning for low memory corruption every 60 seconds
[    0.537831] Initialise system trusted keyrings
[    0.538282] Key type blacklist registered
[    0.538799] workingset: timestamp_bits=36 max_order=21 bucket_order=0
[    0.540434] zbud: loaded
[    0.541410] squashfs: version 4.0 (2009/01/31) Phillip Lougher
[    0.542290] fuse init (API version 7.26)
[    0.549427] Key type asymmetric registered
[    0.549911] Asymmetric key parser 'x509' registered
[    0.550423] Block layer SCSI generic (bsg) driver version 0.4 loaded (major 246)
[    0.551209] io scheduler noop registered
[    0.551613] io scheduler deadline registered
[    0.552064] io scheduler cfq registered (default)
[    0.552751] ACPI: AC Adapter [AC] (on-line)
[    0.553202] input: Power Button as /devices/LNXSYSTM:00/LNXPWRBN:00/input/input0
[    0.553983] ACPI: Power Button [PWRF]
[    0.554441] input: Sleep Button as /devices/LNXSYSTM:00/LNXSLPBN:00/input/input1
[    0.555164] ACPI: Sleep Button [SLPF]
[    0.555826] Serial: 8250/16550 driver, 32 ports, IRQ sharing enabled
[    0.577118] 00:02: ttyS0 at I/O 0x3f8 (irq = 4, base_baud = 115200) is a 16550A
[    0.579728] Linux agpgart interface v0.103
[    0.581135] loop: module loaded
[    0.582260] scsi host0: ata_piix
[    0.582737] scsi host1: ata_piix
[    0.583092] ata1: PATA max UDMA/33 cmd 0x1f0 ctl 0x3f6 bmdma 0xd000 irq 14
[    0.583777] ata2: PATA max UDMA/33 cmd 0x170 ctl 0x376 bmdma 0xd008 irq 15
[    0.584548] libphy: Fixed MDIO Bus: probed
[    0.584975] tun: Universal TUN/TAP device driver, 1.6
[    0.585559] PPP generic driver version 2.4.2
[    0.586125] ehci_hcd: USB 2.0 'Enhanced' Host Controller (EHCI) Driver
[    0.586788] ehci-pci: EHCI PCI platform driver
[    0.587242] ehci-platform: EHCI generic platform driver
[    0.587765] ohci_hcd: USB 1.1 'Open' Host Controller (OHCI) Driver
[    0.588411] ohci-pci: OHCI PCI platform driver
[    0.588860] ohci-platform: OHCI generic platform driver
[    0.589444] uhci_hcd: USB Universal Host Controller Interface driver
[    0.590319] i8042: PNP: PS/2 Controller [PNP0303:PS2K,PNP0f03:PS2M] at 0x60,0x64 irq 1,12
[    0.591613] serio: i8042 KBD port at 0x60,0x64 irq 1
[    0.592176] serio: i8042 AUX port at 0x60,0x64 irq 12
[    0.592968] mousedev: PS/2 mouse device common for all mice
[    0.594075] input: AT Translated Set 2 keyboard as /devices/platform/i8042/serio0/input/input2
[    0.594931] rtc_cmos rtc_cmos: rtc core: registered rtc_cmos as rtc0
[    0.595754] rtc_cmos rtc_cmos: alarms up to one day, 114 bytes nvram
[    0.596393] i2c /dev entries driver
[    0.596798] device-mapper: uevent: version 1.0.3
[    0.597348] device-mapper: ioctl: 4.37.0-ioctl (2017-09-20) initialised: dm-devel@redhat.com
[    0.598262] ledtrig-cpu: registered to indicate activity on CPUs
[    0.599146] NET: Registered protocol family 10
[    0.602168] Segment Routing with IPv6
[    0.602576] NET: Registered protocol family 17
[    0.603041] Key type dns_resolver registered
[    0.603672] mce: Using 0 MCE banks
[    0.604047] RAS: Correctable Errors collector initialized.
[    0.604585] sched_clock: Marking stable (604033085, 0)->(762734949, -158701864)
[    0.605811] registered taskstats version 1
[    0.606274] Loading compiled-in X.509 certificates
[    0.609702] Loaded X.509 cert 'Build time autogenerated kernel key: 8a77f038295f61e2f7a611f87ca2012318dc3558'
[    0.610669] zswap: loaded using pool lzo/zbud
[    0.613609] Key type big_key registered
[    0.614064] Key type trusted registered
[    0.615714] Key type encrypted registered
[    0.616144] AppArmor: AppArmor sha1 policy hashing enabled
[    0.616675] ima: No TPM chip found, activating TPM-bypass! (rc=-19)
[    0.617303] ima: Allocated hash algorithm: sha1
[    0.617759] evm: HMAC attrs: 0x1
[    0.618301]   Magic number: 8:451:448
[    0.618704] acpi APP0001:00: hash matches
[    0.619187] rtc_cmos rtc_cmos: setting system clock to 2020-06-26 20:25:02 UTC (1593203102)
[    0.620088] BIOS EDD facility v0.16 2004-Jun-25, 0 devices found
[    0.620659] EDD information not available.
[    0.755119] Freeing unused kernel image memory: 2436K
[    0.776344] Write protecting the kernel read-only data: 20480k
[    0.781840] Freeing unused kernel image memory: 2008K
[    0.785984] Freeing unused kernel image memory: 1872K
[    0.812885] x86/mm: Checked W+X mappings: passed, no W+X pages found.
[    0.814498] x86/mm: Checking user space page tables
[    0.825695] x86/mm: Checked W+X mappings: passed, no W+X pages found.
Loading, please wait...
starting version 237
[    0.877412] e1000: Intel(R) PRO/1000 Network Driver - version 7.3.21-k8-NAPI
[    0.878136] e1000: Copyright (c) 1999-2006 Intel Corporation.
[    0.882538] Fusion MPT base driver 3.04.20
[    0.883029] Copyright (c) 1999-2008 LSI Corporation
[    0.899915] AVX2 version of gcm_enc/dec engaged.
[    0.900509] AES CTR mode by8 optimization enabled
[    0.903016] Fusion MPT SPI Host driver 3.04.20
[    1.092264] input: ImExPS/2 Generic Explorer Mouse as /devices/platform/i8042/serio1/input/input4
[    1.226951] e1000 0000:00:03.0 eth0: (PCI:33MHz:32-bit) 02:85:4f:0b:ef:e7
[    1.227646] e1000 0000:00:03.0 eth0: Intel(R) PRO/1000 Network Connection
[    1.229064] mptbase: ioc0: Initiating bringup
[    1.376987] ioc0: LSI53C1030 A0: Capabilities={Initiator}
[    1.821824] scsi host2: ioc0: LSI53C1030 A0, FwRev=00000000h, Ports=1, MaxQ=256, IRQ=20
[    2.097955] scsi 2:0:0:0: Direct-Access     VBOX     HARDDISK         1.0  PQ: 0 ANSI: 5
[    2.136053] scsi target2:0:0: Beginning Domain Validation
[    2.138541] scsi target2:0:0: Domain Validation skipping write tests
[    2.139722] scsi target2:0:0: Ending Domain Validation
[    2.141058] scsi target2:0:0: asynchronous
[    2.142302] scsi 2:0:1:0: Direct-Access     VBOX     HARDDISK         1.0  PQ: 0 ANSI: 5
[    2.404108] scsi target2:0:1: Beginning Domain Validation
[    2.406619] random: fast init done
[    2.407160] scsi target2:0:1: Domain Validation skipping write tests
[    2.407837] scsi target2:0:1: Ending Domain Validation
[    2.408547] scsi target2:0:1: asynchronous
[    2.411245] random: systemd-udevd: uninitialized urandom read (16 bytes read)
[    2.412446] random: systemd-udevd: uninitialized urandom read (16 bytes read)
[    2.413177] random: systemd-udevd: uninitialized urandom read (16 bytes read)
[    2.414126] sd 2:0:0:0: Attached scsi generic sg0 type 0
[    2.414132] sd 2:0:0:0: [sda] 20971520 512-byte logical blocks: (10.7 GB/10.0 GiB)
[    2.414953] sd 2:0:1:0: Attached scsi generic sg1 type 0
[    2.415527] sd 2:0:0:0: [sda] Write Protect is off
[    2.416686] sd 2:0:0:0: [sda] Incomplete mode parameter data
[    2.416687] sd 2:0:1:0: [sdb] 20480 512-byte logical blocks: (10.5 MB/10.0 MiB)
[    2.417223] sd 2:0:0:0: [sda] Assuming drive cache: write through
[    2.418598] sd 2:0:1:0: [sdb] Write Protect is off
[    2.419210] sd 2:0:1:0: [sdb] Incomplete mode parameter data
[    2.419774] sd 2:0:1:0: [sdb] Assuming drive cache: write through
[    2.419907]  sda: sda1
[    2.421295] sd 2:0:0:0: [sda] Attached SCSI disk
[    2.423384] sd 2:0:1:0: [sdb] Attached SCSI disk
[    2.444116] e1000 0000:00:08.0 eth1: (PCI:33MHz:32-bit) 08:00:27:58:d8:e4
[    2.444865] e1000 0000:00:08.0 eth1: Intel(R) PRO/1000 Network Connection
[    2.446416] e1000 0000:00:08.0 enp0s8: renamed from eth1
[    2.476506] e1000 0000:00:03.0 enp0s3: renamed from eth0
Begin: Loading essential drivers ... [    3.848236] raid6: sse2x1   gen() 14983 MB/s
[    3.896531] raid6: sse2x1   xor()  9338 MB/s
[    3.944343] raid6: sse2x2   gen() 19663 MB/s
[    3.992411] raid6: sse2x2   xor() 12631 MB/s
[    4.041527] raid6: sse2x4   gen() 21078 MB/s
[    4.088371] raid6: sse2x4   xor() 12300 MB/s
[    4.136048] raid6: avx2x1   gen() 30997 MB/s
[    4.184213] raid6: avx2x1   xor() 18060 MB/s
[    4.232562] raid6: avx2x2   gen() 35519 MB/s
[    4.282422] raid6: avx2x2   xor() 24879 MB/s
[    4.331644] raid6: avx2x4   gen() 42403 MB/s
[    4.382332] raid6: avx2x4   xor() 23374 MB/s
[    4.382848] raid6: using algorithm avx2x4 gen() 42403 MB/s
[    4.383431] raid6: .... xor() 23374 MB/s, rmw enabled
[    4.383932] raid6: using avx2x2 recovery algorithm
[    4.385207] xor: automatically using best checksumming function   avx       
[    4.386456] async_tx: api initialized (async)
done.
Begin: Running /scripts/init-premount ... done.
Begin: Mounting root file system ... Begin: Running /scripts/local-top ... done.
Begin: Running /scripts/local-premount ... [    4.417752] Btrfs loaded, crc32c=crc32c-intel
Scanning for Btrfs filesystems
done.
Warning: fsck not present, so skipping root file system
[    4.446095] EXT4-fs (sda1): mounted filesystem with ordered data mode. Opts: (null)
done.
Begin: Running /scripts/local-bottom ... done.
Begin: Running /scripts/init-bottom ... done.
[    4.767814] ip_tables: (C) 2000-2006 Netfilter Core Team
[    4.788572] systemd[1]: systemd 237 running in system mode. (+PAM +AUDIT +SELINUX +IMA +APPARMOR +SMACK +SYSVINIT +UTMP +LIBCRYPTSETUP +GCRYPT +GNUTLS +ACL +XZ +LZ4 +SECCOMP +BLKID +ELFUTILS +KMOD -IDN2 +IDN -PCRE2 default-hierarchy=hybrid)
[    4.793586] systemd[1]: Detected virtualization oracle.
[    4.794581] systemd[1]: Detected architecture x86-64.

Welcome to [1mUbuntu 18.04.4 LTS[0m!

[    4.801194] systemd[1]: Set hostname to <ubuntu-bionic>.
[    5.240101] systemd[1]: Started Forward Password Requests to Wall Directory Watch.
[[0;32m  OK  [0m] Started Forward Password Requests to Wall Directory Watch.
[    5.245863] systemd[1]: Created slice User and Session Slice.
[[0;32m  OK  [0m] Created slice User and Session Slice.
[    5.248607] systemd[1]: Created slice System Slice.
[[0;32m  OK  [0m] Created slice System Slice.
[    5.250461] systemd[1]: Listening on udev Kernel Socket.
[[0;32m  OK  [0m] Listening on udev Kernel Socket.
[    5.252609] systemd[1]: Listening on /dev/initctl Compatibility Named Pipe.
[[0;32m  OK  [0m] Listening on /dev/initctl Compatibility Named Pipe.
[    5.254948] systemd[1]: Listening on LVM2 metadata daemon socket.
[[0;32m  OK  [0m] Listening on LVM2 metadata daemon socket.
[[0;32m  OK  [0m] Listening on udev Control Socket.
[[0;32m  OK  [0m] Listening on Network Service Netlink Socket.
[[0;32m  OK  [0m] Reached target Swap.
[[0;32m  OK  [0m] Reached target System Time Synchronized.
[[0;32m  OK  [0m] Listening on Journal Audit Socket.
[[0;32m  OK  [0m] Listening on Journal Socket.
         Starting udev Coldplug all Devices...
         Starting Load Kernel Modules...
         Starting Uncomplicated firewall...
         Mounting POSIX Message Queue File System...
         Starting Set the console keyboard layout...
         Mounting Huge Pages File System...
         Mounting Kernel Debug File System...
[    5.289903] Loading iSCSI transport class v2.0-870.
[[0;32m  OK  [0m] Listening on Syslog Socket.
[[0;32m  OK  [0m] Created slice system-serial\x2dgetty.slice.
[[0;32m  OK  [0m] Listening on LVM2 poll daemon socket.
[[0;32m  OK  [0m] Set up automount Arbitrary Executabâ€¦rmats File System Automount Point.
[[0;32m  OK  [0m] Reached target User and Group Name Lookups.
[[0;32m  OK  [0m] Reached target Slices.
         Starting Create list of required stâ€¦ce nodes for the current kernel...
         Starting Remount Root and Kernel File Systems...
[[0;32m  OK  [0m] Listening on Device-mapper event daemon FIFOs.
[[0;32m  OK  [0m] Listening on Journal Socket (/dev/log).
         Starting Journal Service...
[    5.321988] iscsi: registered transport (tcp)
         Starting Monitoring of LVM2 mirrorsâ€¦ng dmeventd or progress polling...
[[0;32m  OK  [0m] Started Uncomplicated firewall.
[[0;32m  OK  [0m] Mounted POSIX Message Queue File System.
[[0;32m  OK  [0m] Mounted Huge Pages File System.
[[0;32m  OK  [0m] Mounted Kernel Debug File System.
[[0;32m  OK  [0m] Started Create list of required staâ€¦vice nodes for the current kernel.
         Starting Create Static Device Nodes in /dev...
[[0;32m  OK  [0m] Started udev Coldplug all Devices.
[[0;32m  OK  [0m] Started Journal Service.
[[0;32m  OK  [0m] Started LVM2 metadata daemon.
[    5.405239] EXT4-fs (sda1): re-mounted. Opts: (null)
[[0;32m  OK  [0m] Started Remount Root and Kernel File Systems.
[    5.408909] iscsi: registered transport (iser)
         Starting Load/Save Random Seed...
         Starting Flush Journal to Persistent Storage...
[[0;32m  OK  [0m] Started Load Kernel Modules.
[[0;32m  OK  [0m] Started Create Static Device Nodes in /dev.
         Starting udev Kernel Device Manager...
         Mounting FUSE Control File System...
         Starting Apply Kernel Variables...
         Mounting Kernel Configuration File System...
[[0;32m  OK  [0m] Mounted FUSE Control File System.
[[0;32m  OK  [0m] Started Load/Save Random Seed.
[[0;32m  OK  [0m] Mounted Kernel Configuration File System.
[    5.482751] systemd-journald[398]: Received request to flush runtime journal from PID 1
[[0;32m  OK  [0m] Started udev Kernel Device Manager.
[[0;32m  OK  [0m] Started Monitoring of LVM2 mirrors,â€¦sing dmeventd or progress polling.
[[0;32m  OK  [0m] Started Apply Kernel Variables.
[[0;32m  OK  [0m] Started Set the console keyboard layout.
[[0;32m  OK  [0m] Reached target Local File Systems (Pre).
[[0;32m  OK  [0m] Reached target Local File Systems.
         Starting Tell Plymouth To Write Out Runtime Data...
         Starting Set console font and keymap...
         Starting ebtables ruleset management...
         Starting AppArmor initialization...
[[0;32m  OK  [0m] Started Dispatch Password Requests to Console Directory Watch.
[[0;32m  OK  [0m] Reached target Local Encrypted Volumes.
[[0;32m  OK  [0m] Started Tell Plymouth To Write Out Runtime Data.
[[0;32m  OK  [0m] Started Set console font and keymap.
[[0;32m  OK  [0m] Found device /dev/ttyS0.
[[0;32m  OK  [0m] Started Flush Journal to Persistent Storage.
         Starting Create Volatile Files and Directories...
[[0;32m  OK  [0m] Started Create Volatile Files and Directories.
         Starting Update UTMP about System Boot/Shutdown...
[[0;32m  OK  [0m] Listening on Load/Save RF Kill Switch Status /dev/rfkill Watch.
[[0;32m  OK  [0m] Started Update UTMP about System Boot/Shutdown.
[[0;32m  OK  [0m] Started ebtables ruleset management.
[[0;32m  OK  [0m] Started AppArmor initialization.
         Starting Initial cloud-init job (pre-networking)...
[    7.405928] cloud-init[567]: Cloud-init v. 19.4-33-gbb4131a2-0ubuntu1~18.04.1 running 'init-local' at Fri, 26 Jun 2020 20:25:09 +0000. Up 7.21 seconds.
[[0;32m  OK  [0m] Started Initial cloud-init job (pre-networking).
[[0;32m  OK  [0m] Reached target Network (Pre).
         Starting Network Service...
[[0;32m  OK  [0m] Started Network Service.
         Starting Network Name Resolution...
         Starting Wait for Network to be Configured...
[[0;32m  OK  [0m] Started Network Name Resolution.
[[0;32m  OK  [0m] Reached target Network.
[[0;32m  OK  [0m] Reached target Host and Network Name Lookups.
[[0;32m  OK  [0m] Started Wait for Network to be Configured.
         Starting Initial cloud-init job (metadata service crawler)...
[    9.834117] cloud-init[669]: Cloud-init v. 19.4-33-gbb4131a2-0ubuntu1~18.04.1 running 'init' at Fri, 26 Jun 2020 20:25:11 +0000. Up 9.73 seconds.
[    9.835735] cloud-init[669]: ci-info: ++++++++++++++++++++++++++++++++++++++Net device info+++++++++++++++++++++++++++++++++++++++
[    9.836437] cloud-init[669]: ci-info: +--------+------+-----------------------------+---------------+--------+-------------------+
[    9.837181] cloud-init[669]: ci-info: | Device |  Up  |           Address           |      Mask     | Scope  |     Hw-Address    |
[    9.837913] cloud-init[669]: ci-info: +--------+------+-----------------------------+---------------+--------+-------------------+
[    9.838648] cloud-init[669]: ci-info: | enp0s3 | True |          10.0.2.15          | 255.255.255.0 | global | 02:85:4f:0b:ef:e7 |
[    9.848210] cloud-init[669]: ci-info: | enp0s3 | True |  fe80::85:4fff:fe0b:efe7/64 |       .       |  link  | 02:85:4f:0b:ef:e7 |
[    9.848934] cloud-init[669]: ci-info: | enp0s8 | True |        192.168.33.15        | 255.255.255.0 | global | 08:00:27:58:d8:e4 |
[    9.849681] cloud-init[669]: ci-info: | enp0s8 | True | fe80::a00:27ff:fe58:d8e4/64 |       .       |  link  | 08:00:27:58:d8:e4 |
[    9.850425] cloud-init[669]: ci-info: |   lo   | True |          127.0.0.1          |   255.0.0.0   |  host  |         .         |
[    9.851167] cloud-init[669]: ci-info: |   lo   | True |           ::1/128           |       .       |  host  |         .         |
[    9.852084] cloud-init[669]: ci-info: +--------+------+-----------------------------+---------------+--------+-------------------+
[    9.852916] cloud-init[669]: ci-info: +++++++++++++++++++++++++++++Route IPv4 info+++++++++++++++++++++++++++++
[    9.854088] cloud-init[669]: ci-info: +-------+--------------+----------+-----------------+-----------+-------+
[    9.854822] cloud-init[669]: ci-info: | Route | Destination  | Gateway  |     Genmask     | Interface | Flags |
[    9.855468] cloud-init[669]: ci-info: +-------+--------------+----------+-----------------+-----------+-------+
[    9.856267] cloud-init[669]: ci-info: |   0   |   0.0.0.0    | 10.0.2.2 |     0.0.0.0     |   enp0s3  |   UG  |
[    9.868213] cloud-init[669]: ci-info: |   1   |   10.0.2.0   | 0.0.0.0  |  255.255.255.0  |   enp0s3  |   U   |
[    9.868873] cloud-init[669]: ci-info: |   2   |   10.0.2.2   | 0.0.0.0  | 255.255.255.255 |   enp0s3  |   UH  |
[    9.869556] cloud-init[669]: ci-info: |   3   | 192.168.33.0 | 0.0.0.0  |  255.255.255.0  |   enp0s8  |   U   |
[    9.870256] cloud-init[669]: ci-info: +-------+--------------+----------+-----------------+-----------+-------+
[    9.870970] cloud-init[669]: ci-info: +++++++++++++++++++Route IPv6 info+++++++++++++++++++
[    9.871581] cloud-init[669]: ci-info: +-------+-------------+---------+-----------+-------+
[    9.872153] cloud-init[669]: ci-info: | Route | Destination | Gateway | Interface | Flags |
[    9.872722] cloud-init[669]: ci-info: +-------+-------------+---------+-----------+-------+
[    9.873410] cloud-init[669]: ci-info: |   1   |  fe80::/64  |    ::   |   enp0s3  |   U   |
[    9.874292] cloud-init[669]: ci-info: |   2   |  fe80::/64  |    ::   |   enp0s8  |   U   |
[    9.884479] cloud-init[669]: ci-info: |   4   |    local    |    ::   |   enp0s3  |   U   |
[    9.885010] cloud-init[669]: ci-info: |   5   |    local    |    ::   |   enp0s8  |   U   |
[    9.885532] cloud-init[669]: ci-info: |   6   |   ff00::/8  |    ::   |   enp0s3  |   U   |
[    9.886140] cloud-init[669]: ci-info: |   7   |   ff00::/8  |    ::   |   enp0s8  |   U   |
[    9.886654] cloud-init[669]: ci-info: +-------+-------------+---------+-----------+-------+
[[0;32m  OK  [0m] Started Initial cloud-init job (metadata service crawler).
[[0;32m  OK  [0m] Reached target Network is Online.
[[0;32m  OK  [0m] Reached target Remote File Systems (Pre).
[[0;32m  OK  [0m] Reached target Remote File Systems.
         Starting Availability of block devices...
[[0;32m  OK  [0m] Reached target System Initialization.
[[0;32m  OK  [0m] Started Clean PHP session files every 30 mins.
         Starting Socket activation for snappy daemon.
[[0;32m  OK  [0m] Listening on Open-iSCSI iscsid Socket.
[[0;32m  OK  [0m] Listening on UUID daemon activation socket.
         Starting LXD - unix socket.
[[0;32m  OK  [0m] Started Discard unused blocks once a week.
[[0;32m  OK  [0m] Started Daily apt download activities.
[[0;32m  OK  [0m] Started Daily apt upgrade and clean activities.
[[0;32m  OK  [0m] Started Daily Cleanup of Temporary Directories.
[[0;32m  OK  [0m] Listening on ACPID Listen Socket.
[[0;32m  OK  [0m] Started ACPI Events Check.
[[0;32m  OK  [0m] Reached target Paths.
[[0;32m  OK  [0m] Started Message of the Day.
[[0;32m  OK  [0m] Reached target Timers.
[[0;32m  OK  [0m] Listening on D-Bus System Message Bus Socket.
[[0;32m  OK  [0m] Reached target Cloud-config availability.
[[0;32m  OK  [0m] Started Availability of block devices.
[[0;32m  OK  [0m] Listening on Socket activation for snappy daemon.
[[0;32m  OK  [0m] Listening on LXD - unix socket.
[[0;32m  OK  [0m] Reached target Sockets.
[[0;32m  OK  [0m] Reached target Basic System.
         Starting System Logging Service...
         Starting Accounts Service...
         Starting Snappy daemon...
[[0;32m  OK  [0m] Started Deferred execution scheduler.
         Starting Dispatcher daemon for systemd-networkd...
         Starting Permit User Sessions...
         Starting LSB: Record successful boot for GRUB...
[[0;32m  OK  [0m] Started irqbalance daemon.
[[0;32m  OK  [0m] Started Regular background program processing daemon.
         Starting Virtualbox guest utils...
         Starting OpenBSD Secure Shell server...
         Starting The Apache HTTP Server...
         Starting LXD - container startup/shutdown...
[[0;32m  OK  [0m] Started D-Bus System Message Bus.
         Starting Login Service...
[[0;32m  OK  [0m] Started FUSE filesystem for LXC.
         Starting LSB: automatic crash report generation...
[[0;32m  OK  [0m] Started System Logging Service.
[[0;32m  OK  [0m] Started Permit User Sessions.
         Starting Hold until boot process finishes up...
         Starting Terminate Plymouth Boot Screen...
[[0;32m  OK  [0m] Started Hold until boot process finishes up.
[[0;32m  OK  [0m] Started Serial Getty on ttyS0.
         Starting Set console scheme...
[[0;32m  OK  [0m] Started Terminate Plymouth Boot Screen.
[[0;32m  OK  [0m] Started Set console scheme.
[[0;32m  OK  [0m] Created slice system-getty.slice.
[[0;32m  OK  [0m] Started Getty on tty1.
[[0;32m  OK  [0m] Reached target Login Prompts.
         Starting Authorization Manager...
[[0;32m  OK  [0m] Started OpenBSD Secure Shell server.
[[0;32m  OK  [0m] Started Login Service.
[[0;32m  OK  [0m] Started Unattended Upgrades Shutdown.
[[0;32m  OK  [0m] Started LSB: automatic crash report generation.
[[0;32m  OK  [0m] Started Authorization Manager.
[[0;32m  OK  [0m] Started Accounts Service.
[[0;32m  OK  [0m] Started Dispatcher daemon for systemd-networkd.
[[0;32m  OK  [0m] Started LSB: Record successful boot for GRUB.
[[0;32m  OK  [0m] Started Virtualbox guest utils.
[[0;32m  OK  [0m] Started LXD - container startup/shutdown.
[[0;32m  OK  [0m] Started The Apache HTTP Server.
[[0;32m  OK  [0m] Started Snappy daemon.
         Starting Wait until snapd is fully seeded...
[[0;32m  OK  [0m] Started Wait until snapd is fully seeded.
         Starting Apply the settings specified in cloud-config...
[[0;32m  OK  [0m] Reached target Multi-User System.
[[0;32m  OK  [0m] Reached target Graphical Interface.
         Starting Update UTMP about System Runlevel Changes...
[[0;32m  OK  [0m] Started Update UTMP about System Runlevel Changes.
[   11.825638] cloud-init[1147]: Cloud-init v. 19.4-33-gbb4131a2-0ubuntu1~18.04.1 running 'modules:config' at Fri, 26 Jun 2020 20:25:13 +0000. Up 11.73 seconds.
[[0;32m  OK  [0m] Started Apply the settings specified in cloud-config.
         Starting Execute cloud user/final scripts...
[[0;32m  OK  [0m] Created slice User Slice of vagrant.
         Starting User Manager for UID 1000...
[[0;32m  OK  [0m] Started Session 1 of user vagrant.
[[0;32m  OK  [0m] Started User Manager for UID 1000.
[   12.381570] cloud-init[1188]: Cloud-init v. 19.4-33-gbb4131a2-0ubuntu1~18.04.1 running 'modules:final' at Fri, 26 Jun 2020 20:25:13 +0000. Up 12.10 seconds.
[   12.383053] cloud-init[1188]: Cloud-init v. 19.4-33-gbb4131a2-0ubuntu1~18.04.1 finished at Fri, 26 Jun 2020 20:25:14 +0000. Datasource DataSourceNoCloud [seed=/dev/sdb][dsmode=net].  Up 12.37 seconds
[[0;32m  OK  [0m] Started Execute cloud user/final scripts.
[[0;32m  OK  [0m] Reached target Cloud-init target.

Ubuntu 18.04.4 LTS ubuntu-bionic ttyS0

ubuntu-bionic login: [[0;32m  OK  [0m] Closed Load/Save RF Kill Switch Status /dev/rfkill Watch.
         Stopping Authorization Manager...
[[0;32m  OK  [0m] Stopped target Graphical Interface.
         Stopping Accounts Service...
[[0;32m  OK  [0m] Stopped target Cloud-init target.
[[0;32m  OK  [0m] Stopped Execute cloud user/final scripts.
[[0;32m  OK  [0m] Stopped Apply the settings specified in cloud-config.
[[0;32m  OK  [0m] Stopped target Cloud-config availability.
[[0;32m  OK  [0m] Stopped target Multi-User System.
         Stopping irqbalance daemon...
         Stopping The Apache HTTP Server...
         Stopping Deferred execution scheduler...
[[0;32m  OK  [0m] Stopped Wait until snapd is fully seeded.
         Stopping LSB: automatic crash report generation...
         Stopping Unattended Upgrades Shutdown...
[[0;32m  OK  [0m] Stopped target Login Prompts.
         Stopping Getty on tty1...
         Stopping FUSE filesystem for LXC...
         Stopping D-Bus System Message Bus...
         Stopping LSB: Record successful boot for GRUB...
[[0;32m  OK  [0m] Stopped target Network is Online.
         Stopping Virtualbox guest utils...
         Stopping Regular background program processing daemon...
         Stopping User Manager for UID 1000...
[[0;32m  OK  [0m] Stopped target Timers.
[[0;32m  OK  [0m] Stopped Discard unused blocks once a week.
[[0;32m  OK  [0m] Stopped Daily Cleanup of Temporary Directories.
         Stopping Serial Getty on ttyS0...
         Stopping Availability of block devices...
[[0;32m  OK  [0m] Stopped Message of the Day.
         Stopping Dispatcher daemon for systemd-networkd...
         Stopping LXD - container startup/shutdown...
[[0;32m  OK  [0m] Stopped Clean PHP session files every 30 mins.
         Stopping Session 9 of user vagrant.
         Stopping System Logging Service...
         Stopping OpenBSD Secure Shell server...
[[0;32m  OK  [0m] Stopped Daily apt upgrade and clean activities.
[[0;32m  OK  [0m] Stopped Daily apt download activities.
[[0;32m  OK  [0m] Stopped target System Time Synchronized.
[[0;32m  OK  [0m] Unmounted /var/lib/lxcfs.
[[0;32m  OK  [0m] Stopped System Logging Service.
[[0;32m  OK  [0m] Stopped Accounts Service.
[[0;32m  OK  [0m] Stopped Deferred execution scheduler.
[[0;32m  OK  [0m] Stopped Dispatcher daemon for systemd-networkd.
[[0;32m  OK  [0m] Stopped irqbalance daemon.
[[0;32m  OK  [0m] Stopped Regular background program processing daemon.
[[0;32m  OK  [0m] Stopped Serial Getty on ttyS0.
[[0;32m  OK  [0m] Stopped OpenBSD Secure Shell server.
[[0;32m  OK  [0m] Stopped Getty on tty1.
[[0;32m  OK  [0m] Stopped Authorization Manager.
[[0;32m  OK  [0m] Stopped Unattended Upgrades Shutdown.
[[0;32m  OK  [0m] Stopped User Manager for UID 1000.
[[0;32m  OK  [0m] Stopped D-Bus System Message Bus.
[[0;32m  OK  [0m] Stopped FUSE filesystem for LXC.
[[0;32m  OK  [0m] Stopped Session 9 of user vagrant.
[[0;32m  OK  [0m] Stopped Availability of block devices.
[[0;32m  OK  [0m] Removed slice User Slice of vagrant.
         Stopping Login Service...
[[0;32m  OK  [0m] Removed slice system-getty.slice.
[[0;32m  OK  [0m] Removed slice system-serial\x2dgetty.slice.
         Stopping Permit User Sessions...
[[0;32m  OK  [0m] Stopped LXD - container startup/shutdown.
[[0;32m  OK  [0m] Stopped Permit User Sessions.
[[0;32m  OK  [0m] Stopped LSB: Record successful boot for GRUB.
[[0;32m  OK  [0m] Stopped LSB: automatic crash report generation.
[[0;32m  OK  [0m] Stopped Virtualbox guest utils.
[[0;32m  OK  [0m] Stopped Login Service.
[[0;32m  OK  [0m] Stopped target User and Group Name Lookups.
[[0;32m  OK  [0m] Stopped The Apache HTTP Server.
[[0;32m  OK  [0m] Stopped target Host and Network Name Lookups.
[[0;32m  OK  [0m] Stopped target Remote File Systems.
[[0;32m  OK  [0m] Stopped target Remote File Systems (Pre).
[[0;32m  OK  [0m] Stopped target Basic System.
[[0;32m  OK  [0m] Stopped target Paths.
[[0;32m  OK  [0m] Stopped ACPI Events Check.
[[0;32m  OK  [0m] Stopped target Slices.
[[0;32m  OK  [0m] Removed slice User and Session Slice.
[[0;32m  OK  [0m] Stopped target Sockets.
[[0;32m  OK  [0m] Closed Open-iSCSI iscsid Socket.
[[0;32m  OK  [0m] Closed Socket activation for snappy daemon.
[[0;32m  OK  [0m] Closed LXD - unix socket.
[[0;32m  OK  [0m] Closed UUID daemon activation socket.
[[0;32m  OK  [0m] Closed ACPID Listen Socket.
[[0;32m  OK  [0m] Closed Syslog Socket.
[[0;32m  OK  [0m] Closed D-Bus System Message Bus Socket.
[[0;32m  OK  [0m] Stopped target Network.
         Stopping Network Name Resolution...
[[0;32m  OK  [0m] Stopped target System Initialization.
[[0;32m  OK  [0m] Stopped Initial cloud-init job (metadata service crawler).
         Stopping Update UTMP about System Boot/Shutdown...
[[0;32m  OK  [0m] Stopped target Local Encrypted Volumes.
[[0;32m  OK  [0m] Stopped Dispatch Password Requests to Console Directory Watch.
[[0;32m  OK  [0m] Stopped Forward Password Requests to Wall Directory Watch.
         Stopping Load/Save Random Seed...
[[0;32m  OK  [0m] Stopped Network Name Resolution.
         Stopping Network Service...
[[0;32m  OK  [0m] Stopped Load/Save Random Seed.
[[0;32m  OK  [0m] Stopped Update UTMP about System Boot/Shutdown.
[[0;32m  OK  [0m] Stopped Create Volatile Files and Directories.
[[0;32m  OK  [0m] Stopped target Local File Systems.
         Unmounting /home/projects/personal-local-dev-setup/neverForgetAText...
         Unmounting /run/user/1000...
         Unmounting /vagrant...
         Unmounting /var/www/neverForgetAText...
[[0;32m  OK  [0m] Unmounted /run/user/1000.
[[0;32m  OK  [0m] Unmounted /home/projects/personal-local-dev-setup/neverForgetAText.
[[0;32m  OK  [0m] Unmounted /var/www/neverForgetAText.
[[0;32m  OK  [0m] Stopped target Swap.
[[0;32m  OK  [0m] Unmounted /vagrant.
[[0;32m  OK  [0m] Reached target Unmount All Filesystems.
[[0;32m  OK  [0m] Stopped target Local File Systems (Pre).
[[0;32m  OK  [0m] Stopped Create Static Device Nodes in /dev.
         Stopping Monitoring of LVM2 mirrorsâ€¦ng dmeventd or progress polling...
[[0;32m  OK  [0m] Stopped Network Service.
[[0;32m  OK  [0m] Stopped Apply Kernel Variables.
[[0;32m  OK  [0m] Stopped Load Kernel Modules.
[[0;32m  OK  [0m] Stopped target Network (Pre).
[[0;32m  OK  [0m] Stopped Initial cloud-init job (pre-networking).
[[0;32m  OK  [0m] Stopped Remount Root and Kernel File Systems.
[[0;32m  OK  [0m] Reached target Shutdown.
[[0;32m  OK  [0m] Reached target Final Step.
         Starting Power-Off...
[[0;32m  OK  [0m] Stopped Monitoring of LVM2 mirrors,â€¦sing dmeventd or progress polling.
         Stopping LVM2 metadata daemon...
[ 5776.944417] reboot: Power down
