[    0.000000] Linux version 4.15.0-101-generic (buildd@lgw01-amd64-003) (gcc version 7.5.0 (Ubuntu 7.5.0-3ubuntu1~18.04)) #102-Ubuntu SMP Mon May 11 10:07:26 UTC 2020 (Ubuntu 4.15.0-101.102-generic 4.15.18)
[    0.000000] Command line: BOOT_IMAGE=/boot/vmlinuz-4.15.0-101-generic root=UUID=0679f1c9-b481-498c-ad60-511bcc87703f ro console=tty1 console=ttyS0
[    0.000000] KERNEL supported cpus:
[    0.000000]   Intel GenuineIntel
[    0.000000]   AMD AuthenticAMD
[    0.000000]   Centaur CentaurHauls
[    0.000000] x86/fpu: Supporting XSAVE feature 0x001: 'x87 floating point registers'
[    0.000000] x86/fpu: Supporting XSAVE feature 0x002: 'SSE registers'
[    0.000000] x86/fpu: Supporting XSAVE feature 0x004: 'AVX registers'
[    0.000000] x86/fpu: xstate_offset[2]:  576, xstate_sizes[2]:  256
[    0.000000] x86/fpu: Enabled xstate features 0x7, context size is 832 bytes, using 'standard' format.
[    0.000000] e820: BIOS-provided physical RAM map:
[    0.000000] BIOS-e820: [mem 0x0000000000000000-0x000000000009fbff] usable
[    0.000000] BIOS-e820: [mem 0x000000000009fc00-0x000000000009ffff] reserved
[    0.000000] BIOS-e820: [mem 0x00000000000f0000-0x00000000000fffff] reserved
[    0.000000] BIOS-e820: [mem 0x0000000000100000-0x00000000dffeffff] usable
[    0.000000] BIOS-e820: [mem 0x00000000dfff0000-0x00000000dfffffff] ACPI data
[    0.000000] BIOS-e820: [mem 0x00000000fec00000-0x00000000fec00fff] reserved
[    0.000000] BIOS-e820: [mem 0x00000000fee00000-0x00000000fee00fff] reserved
[    0.000000] BIOS-e820: [mem 0x00000000fffc0000-0x00000000ffffffff] reserved
[    0.000000] BIOS-e820: [mem 0x0000000100000000-0x000000011fffffff] usable
[    0.000000] NX (Execute Disable) protection: active
[    0.000000] SMBIOS 2.5 present.
[    0.000000] DMI: innotek GmbH VirtualBox/VirtualBox, BIOS VirtualBox 12/01/2006
[    0.000000] Hypervisor detected: KVM
[    0.000000] e820: last_pfn = 0x120000 max_arch_pfn = 0x400000000
[    0.000000] MTRR: Disabled
[    0.000000] x86/PAT: MTRRs disabled, skipping PAT initialization too.
[    0.000000] CPU MTRRs all blank - virtualized system.
[    0.000000] x86/PAT: Configuration [0-7]: WB  WT  UC- UC  WB  WT  UC- UC  
[    0.000000] e820: last_pfn = 0xdfff0 max_arch_pfn = 0x400000000
[    0.000000] found SMP MP-table at [mem 0x0009fff0-0x0009ffff]
[    0.000000] Scanning 1 areas for low memory corruption
[    0.000000] RAMDISK: [mem 0x35961000-0x36ca7fff]
[    0.000000] ACPI: Early table checksum verification disabled
[    0.000000] ACPI: RSDP 0x00000000000E0000 000024 (v02 VBOX  )
[    0.000000] ACPI: XSDT 0x00000000DFFF0030 00003C (v01 VBOX   VBOXXSDT 00000001 ASL  00000061)
[    0.000000] ACPI: FACP 0x00000000DFFF00F0 0000F4 (v04 VBOX   VBOXFACP 00000001 ASL  00000061)
[    0.000000] ACPI: DSDT 0x00000000DFFF0470 0022EA (v02 VBOX   VBOXBIOS 00000002 INTL 20180105)
[    0.000000] ACPI: FACS 0x00000000DFFF0200 000040
[    0.000000] ACPI: FACS 0x00000000DFFF0200 000040
[    0.000000] ACPI: APIC 0x00000000DFFF0240 00005C (v02 VBOX   VBOXAPIC 00000001 ASL  00000061)
[    0.000000] ACPI: SSDT 0x00000000DFFF02A0 0001CC (v01 VBOX   VBOXCPUT 00000002 INTL 20180105)
[    0.000000] No NUMA configuration found
[    0.000000] Faking a node at [mem 0x0000000000000000-0x000000011fffffff]
[    0.000000] NODE_DATA(0) allocated [mem 0x11ffd1000-0x11fffbfff]
[    0.000000] kvm-clock: cpu 0, msr 1:1ff50001, primary cpu clock
[    0.000000] kvm-clock: Using msrs 4b564d01 and 4b564d00
[    0.000000] kvm-clock: using sched offset of 3329465987 cycles
[    0.000000] clocksource: kvm-clock: mask: 0xffffffffffffffff max_cycles: 0x1cd42e4dffb, max_idle_ns: 881590591483 ns
[    0.000000] Zone ranges:
[    0.000000]   DMA      [mem 0x0000000000001000-0x0000000000ffffff]
[    0.000000]   DMA32    [mem 0x0000000001000000-0x00000000ffffffff]
[    0.000000]   Normal   [mem 0x0000000100000000-0x000000011fffffff]
[    0.000000]   Device   empty
[    0.000000] Movable zone start for each node
[    0.000000] Early memory node ranges
[    0.000000]   node   0: [mem 0x0000000000001000-0x000000000009efff]
[    0.000000]   node   0: [mem 0x0000000000100000-0x00000000dffeffff]
[    0.000000]   node   0: [mem 0x0000000100000000-0x000000011fffffff]
[    0.000000] Reserved but unavailable: 98 pages
[    0.000000] Initmem setup node 0 [mem 0x0000000000001000-0x000000011fffffff]
[    0.000000] ACPI: PM-Timer IO Port: 0x4008
[    0.000000] IOAPIC[0]: apic_id 2, version 32, address 0xfec00000, GSI 0-23
[    0.000000] ACPI: INT_SRC_OVR (bus 0 bus_irq 0 global_irq 2 dfl dfl)
[    0.000000] ACPI: INT_SRC_OVR (bus 0 bus_irq 9 global_irq 9 low level)
[    0.000000] Using ACPI (MADT) for SMP configuration information
[    0.000000] smpboot: Allowing 2 CPUs, 0 hotplug CPUs
[    0.000000] PM: Registered nosave memory: [mem 0x00000000-0x00000fff]
[    0.000000] PM: Registered nosave memory: [mem 0x0009f000-0x0009ffff]
[    0.000000] PM: Registered nosave memory: [mem 0x000a0000-0x000effff]
[    0.000000] PM: Registered nosave memory: [mem 0x000f0000-0x000fffff]
[    0.000000] PM: Registered nosave memory: [mem 0xdfff0000-0xdfffffff]
[    0.000000] PM: Registered nosave memory: [mem 0xe0000000-0xfebfffff]
[    0.000000] PM: Registered nosave memory: [mem 0xfec00000-0xfec00fff]
[    0.000000] PM: Registered nosave memory: [mem 0xfec01000-0xfedfffff]
[    0.000000] PM: Registered nosave memory: [mem 0xfee00000-0xfee00fff]
[    0.000000] PM: Registered nosave memory: [mem 0xfee01000-0xfffbffff]
[    0.000000] PM: Registered nosave memory: [mem 0xfffc0000-0xffffffff]
[    0.000000] e820: [mem 0xe0000000-0xfebfffff] available for PCI devices
[    0.000000] Booting paravirtualized kernel on KVM
[    0.000000] clocksource: refined-jiffies: mask: 0xffffffff max_cycles: 0xffffffff, max_idle_ns: 7645519600211568 ns
[    0.000000] random: get_random_bytes called from start_kernel+0x99/0x4fd with crng_init=0
[    0.000000] setup_percpu: NR_CPUS:8192 nr_cpumask_bits:2 nr_cpu_ids:2 nr_node_ids:1
[    0.000000] percpu: Embedded 45 pages/cpu s147456 r8192 d28672 u1048576
[    0.000000] PV qspinlock hash table entries: 256 (order: 0, 4096 bytes)
[    0.000000] Built 1 zonelists, mobility grouping on.  Total pages: 1032057
[    0.000000] Policy zone: Normal
[    0.000000] Kernel command line: BOOT_IMAGE=/boot/vmlinuz-4.15.0-101-generic root=UUID=0679f1c9-b481-498c-ad60-511bcc87703f ro console=tty1 console=ttyS0
[    0.000000] Memory: 4013136K/4193848K available (12300K kernel code, 2481K rwdata, 4268K rodata, 2432K init, 2712K bss, 180712K reserved, 0K cma-reserved)
[    0.000000] SLUB: HWalign=64, Order=0-3, MinObjects=0, CPUs=2, Nodes=1
[    0.000000] Kernel/User page tables isolation: enabled
[    0.000000] ftrace: allocating 39364 entries in 154 pages
[    0.004000] Hierarchical RCU implementation.
[    0.004000] 	RCU restricting CPUs from NR_CPUS=8192 to nr_cpu_ids=2.
[    0.004000] 	Tasks RCU enabled.
[    0.004000] RCU: Adjusting geometry for rcu_fanout_leaf=16, nr_cpu_ids=2
[    0.004000] NR_IRQS: 524544, nr_irqs: 440, preallocated irqs: 16
[    0.004000] Console: colour VGA+ 80x25
[    0.004000] console [tty1] enabled
[    0.004000] console [ttyS0] enabled
[    0.004000] ACPI: Core revision 20170831
[    0.004000] ACPI: 2 ACPI AML tables successfully acquired and loaded
[    0.004000] APIC: Switch to symmetric I/O mode setup
[    0.004000] x2apic enabled
[    0.004000] Switched APIC routing to physical x2apic.
[    0.004000] ..TIMER: vector=0x30 apic1=0 pin1=2 apic2=-1 pin2=-1
[    0.004000] tsc: Detected 3600.002 MHz processor
[    0.004000] Calibrating delay loop (skipped) preset value.. 7200.00 BogoMIPS (lpj=14400008)
[    0.004003] pid_max: default: 32768 minimum: 301
[    0.004484] Security Framework initialized
[    0.004900] Yama: becoming mindful.
[    0.005293] AppArmor: AppArmor initialized
[    0.006695] Dentry cache hash table entries: 524288 (order: 10, 4194304 bytes)
[    0.007876] Inode-cache hash table entries: 262144 (order: 9, 2097152 bytes)
[    0.008013] Mount-cache hash table entries: 8192 (order: 4, 65536 bytes)
[    0.008653] Mountpoint-cache hash table entries: 8192 (order: 4, 65536 bytes)
[    0.009509] Last level iTLB entries: 4KB 128, 2MB 8, 4MB 8
[    0.010046] Last level dTLB entries: 4KB 64, 2MB 0, 4MB 0, 1GB 4
[    0.010623] Spectre V1 : Mitigation: usercopy/swapgs barriers and __user pointer sanitization
[    0.011493] Spectre V2 : Mitigation: Full generic retpoline
[    0.012001] Spectre V2 : Spectre v2 / SpectreRSB mitigation: Filling RSB on context switch
[    0.012838] Speculative Store Bypass: Vulnerable
[    0.013369] MDS: Mitigation: Clear CPU buffers
[    0.013938] Freeing SMP alternatives memory: 36K
[    0.124647] smpboot: CPU0: Intel(R) Core(TM) i7-9700K CPU @ 3.60GHz (family: 0x6, model: 0x9e, stepping: 0xd)
[    0.125681] Performance Events: unsupported p6 CPU model 158 no PMU driver, software events only.
[    0.126564] Hierarchical SRCU implementation.
[    0.127462] NMI watchdog: Perf event create on CPU 0 failed with -2
[    0.128000] NMI watchdog: Perf NMI watchdog permanently disabled
[    0.128032] smp: Bringing up secondary CPUs ...
[    0.128914] x86: Booting SMP configuration:
[    0.129343] .... node  #0, CPUs:      #1
[    0.004000] kvm-clock: cpu 1, msr 1:1ff50041, secondary cpu clock
[    0.132017] smp: Brought up 1 node, 2 CPUs
[    0.132424] smpboot: Max logical packages: 1
[    0.132870] smpboot: Total of 2 processors activated (14400.00 BogoMIPS)
[    0.133658] devtmpfs: initialized
[    0.133658] x86/mm: Memory block size: 128MB
[    0.133658] evm: security.selinux
[    0.133658] evm: security.SMACK64
[    0.134421] evm: security.SMACK64EXEC
[    0.135484] evm: security.SMACK64TRANSMUTE
[    0.136000] evm: security.SMACK64MMAP
[    0.136003] evm: security.apparmor
[    0.140002] evm: security.ima
[    0.140321] evm: security.capability
[    0.140732] clocksource: jiffies: mask: 0xffffffff max_cycles: 0xffffffff, max_idle_ns: 7645041785100000 ns
[    0.140979] futex hash table entries: 512 (order: 3, 32768 bytes)
[    0.141598] pinctrl core: initialized pinctrl subsystem
[    0.142173] RTC time: 18:29:54, date: 06/05/20
[    0.142708] NET: Registered protocol family 16
[    0.144044] audit: initializing netlink subsys (disabled)
[    0.144592] audit: type=2000 audit(1591381799.481:1): state=initialized audit_enabled=0 res=1
[    0.145120] cpuidle: using governor ladder
[    0.145120] cpuidle: using governor menu
[    0.145120] ACPI: bus type PCI registered
[    0.145308] acpiphp: ACPI Hot Plug PCI Controller Driver version: 0.5
[    0.145984] PCI: Using configuration type 1 for base access
[    0.148629] HugeTLB registered 2.00 MiB page size, pre-allocated 0 pages
[    0.148720] ACPI: Added _OSI(Module Device)
[    0.148720] ACPI: Added _OSI(Processor Device)
[    0.148985] ACPI: Added _OSI(3.0 _SCP Extensions)
[    0.149453] ACPI: Added _OSI(Processor Aggregator Device)
[    0.149983] ACPI: Added _OSI(Linux-Dell-Video)
[    0.152003] ACPI: Added _OSI(Linux-Lenovo-NV-HDMI-Audio)
[    0.152565] ACPI: Added _OSI(Linux-HPI-Hybrid-Graphics)
[    0.153292] ACPI: Executed 1 blocks of module-level executable AML code
[    0.156332] ACPI: Interpreter enabled
[    0.156722] ACPI: (supports S0 S5)
[    0.157079] ACPI: Using IOAPIC for interrupt routing
[    0.157746] PCI: Using host bridge windows from ACPI; if necessary, use "pci=nocrs" and report a bug
[    0.158774] ACPI: Enabled 2 GPEs in block 00 to 07
[    0.162764] ACPI: PCI Root Bridge [PCI0] (domain 0000 [bus 00-ff])
[    0.163405] acpi PNP0A03:00: _OSC: OS supports [ASPM ClockPM Segments MSI]
[    0.164303] acpi PNP0A03:00: _OSC: not requesting OS control; OS requires [ExtendedConfig ASPM ClockPM MSI]
[    0.165242] acpi PNP0A03:00: fail to add MMCONFIG information, can't access extended PCI configuration space under this bridge.
[    0.166585] PCI host bridge to bus 0000:00
[    0.167411] pci_bus 0000:00: root bus resource [io  0x0000-0x0cf7 window]
[    0.168002] pci_bus 0000:00: root bus resource [io  0x0d00-0xffff window]
[    0.168654] pci_bus 0000:00: root bus resource [mem 0x000a0000-0x000bffff window]
[    0.169446] pci_bus 0000:00: root bus resource [mem 0xe0000000-0xfdffffff window]
[    0.170186] pci_bus 0000:00: root bus resource [bus 00-ff]
[    0.171850] pci 0000:00:01.1: legacy IDE quirk: reg 0x10: [io  0x01f0-0x01f7]
[    0.172002] pci 0000:00:01.1: legacy IDE quirk: reg 0x14: [io  0x03f6]
[    0.172669] pci 0000:00:01.1: legacy IDE quirk: reg 0x18: [io  0x0170-0x0177]
[    0.173346] pci 0000:00:01.1: legacy IDE quirk: reg 0x1c: [io  0x0376]
[    0.206286] pci 0000:00:07.0: quirk: [io  0x4000-0x403f] claimed by PIIX4 ACPI
[    0.207118] pci 0000:00:07.0: quirk: [io  0x4100-0x410f] claimed by PIIX4 SMB
[    0.233056] ACPI: PCI Interrupt Link [LNKA] (IRQs 5 9 10 *11)
[    0.233877] ACPI: PCI Interrupt Link [LNKB] (IRQs 5 9 *10 11)
[    0.234513] ACPI: PCI Interrupt Link [LNKC] (IRQs 5 *9 10 11)
[    0.235147] ACPI: PCI Interrupt Link [LNKD] (IRQs 5 9 10 *11)
[    0.236017] SCSI subsystem initialized
[    0.236489] pci 0000:00:02.0: vgaarb: setting as boot VGA device
[    0.236741] pci 0000:00:02.0: vgaarb: VGA device added: decodes=io+mem,owns=io+mem,locks=none
[    0.237932] pci 0000:00:02.0: vgaarb: bridge control possible
[    0.238492] vgaarb: loaded
[    0.238822] ACPI: bus type USB registered
[    0.239342] usbcore: registered new interface driver usbfs
[    0.240009] usbcore: registered new interface driver hub
[    0.240587] usbcore: registered new device driver usb
[    0.241170] EDAC MC: Ver: 3.0.0
[    0.241170] PCI: Using ACPI for IRQ routing
[    0.241170] NetLabel: Initializing
[    0.241170] NetLabel:  domain hash size = 128
[    0.241455] NetLabel:  protocols = UNLABELED CIPSOv4 CALIPSO
[    0.244016] NetLabel:  unlabeled traffic allowed by default
[    0.244610] clocksource: Switched to clocksource kvm-clock
[    0.252169] VFS: Disk quotas dquot_6.6.0
[    0.252600] VFS: Dquot-cache hash table entries: 512 (order 0, 4096 bytes)
[    0.253387] AppArmor: AppArmor Filesystem Enabled
[    0.253870] pnp: PnP ACPI init
[    0.254830] pnp: PnP ACPI: found 3 devices
[    0.262175] clocksource: acpi_pm: mask: 0xffffff max_cycles: 0xffffff, max_idle_ns: 2085701024 ns
[    0.263073] NET: Registered protocol family 2
[    0.263652] TCP established hash table entries: 32768 (order: 6, 262144 bytes)
[    0.264462] TCP bind hash table entries: 32768 (order: 7, 524288 bytes)
[    0.265175] TCP: Hash tables configured (established 32768 bind 32768)
[    0.265809] UDP hash table entries: 2048 (order: 4, 65536 bytes)
[    0.266430] UDP-Lite hash table entries: 2048 (order: 4, 65536 bytes)
[    0.267057] NET: Registered protocol family 1
[    0.267495] pci 0000:00:00.0: Limiting direct PCI/PCI transfers
[    0.268076] pci 0000:00:01.0: Activating ISA DMA hang workarounds
[    0.268715] pci 0000:00:02.0: Video device with shadowed ROM at [mem 0x000c0000-0x000dffff]
[    0.269580] Unpacking initramfs...
[    0.465430] Freeing initrd memory: 19740K
[    0.465933] PCI-DMA: Using software bounce buffering for IO (SWIOTLB)
[    0.466589] software IO TLB: mapped [mem 0xdbff0000-0xdfff0000] (64MB)
[    0.467234] clocksource: tsc: mask: 0xffffffffffffffff max_cycles: 0x33e4559ce44, max_idle_ns: 440795364889 ns
[    0.468310] platform rtc_cmos: registered platform RTC device (no PNP device found)
[    0.469060] Scanning for low memory corruption every 60 seconds
[    0.470075] Initialise system trusted keyrings
[    0.470557] Key type blacklist registered
[    0.471000] workingset: timestamp_bits=36 max_order=20 bucket_order=0
[    0.472595] zbud: loaded
[    0.473226] squashfs: version 4.0 (2009/01/31) Phillip Lougher
[    0.473919] fuse init (API version 7.26)
[    0.476113] Key type asymmetric registered
[    0.476570] Asymmetric key parser 'x509' registered
[    0.477073] Block layer SCSI generic (bsg) driver version 0.4 loaded (major 246)
[    0.477963] io scheduler noop registered
[    0.478405] io scheduler deadline registered
[    0.478857] io scheduler cfq registered (default)
[    0.479536] ACPI: AC Adapter [AC] (on-line)
[    0.479983] input: Power Button as /devices/LNXSYSTM:00/LNXPWRBN:00/input/input0
[    0.480821] ACPI: Power Button [PWRF]
[    0.481237] input: Sleep Button as /devices/LNXSYSTM:00/LNXSLPBN:00/input/input1
[    0.481961] ACPI: Sleep Button [SLPF]
[    0.482714] Serial: 8250/16550 driver, 32 ports, IRQ sharing enabled
[    0.503712] 00:02: ttyS0 at I/O 0x3f8 (irq = 4, base_baud = 115200) is a 16550A
[    0.506329] Linux agpgart interface v0.103
[    0.508027] loop: module loaded
[    0.508711] scsi host0: ata_piix
[    0.509181] scsi host1: ata_piix
[    0.509577] ata1: PATA max UDMA/33 cmd 0x1f0 ctl 0x3f6 bmdma 0xd000 irq 14
[    0.510264] ata2: PATA max UDMA/33 cmd 0x170 ctl 0x376 bmdma 0xd008 irq 15
[    0.510948] libphy: Fixed MDIO Bus: probed
[    0.511359] tun: Universal TUN/TAP device driver, 1.6
[    0.512117] PPP generic driver version 2.4.2
[    0.512748] ehci_hcd: USB 2.0 'Enhanced' Host Controller (EHCI) Driver
[    0.513402] ehci-pci: EHCI PCI platform driver
[    0.513848] ehci-platform: EHCI generic platform driver
[    0.514405] ohci_hcd: USB 1.1 'Open' Host Controller (OHCI) Driver
[    0.514989] ohci-pci: OHCI PCI platform driver
[    0.515444] ohci-platform: OHCI generic platform driver
[    0.515988] uhci_hcd: USB Universal Host Controller Interface driver
[    0.516659] i8042: PNP: PS/2 Controller [PNP0303:PS2K,PNP0f03:PS2M] at 0x60,0x64 irq 1,12
[    0.517866] serio: i8042 KBD port at 0x60,0x64 irq 1
[    0.518413] serio: i8042 AUX port at 0x60,0x64 irq 12
[    0.519068] mousedev: PS/2 mouse device common for all mice
[    0.519975] input: AT Translated Set 2 keyboard as /devices/platform/i8042/serio0/input/input2
[    0.521007] rtc_cmos rtc_cmos: rtc core: registered rtc_cmos as rtc0
[    0.521718] rtc_cmos rtc_cmos: alarms up to one day, 114 bytes nvram
[    0.522404] i2c /dev entries driver
[    0.522843] device-mapper: uevent: version 1.0.3
[    0.523397] device-mapper: ioctl: 4.37.0-ioctl (2017-09-20) initialised: dm-devel@redhat.com
[    0.524262] ledtrig-cpu: registered to indicate activity on CPUs
[    0.525073] NET: Registered protocol family 10
[    0.528325] Segment Routing with IPv6
[    0.528750] NET: Registered protocol family 17
[    0.529226] Key type dns_resolver registered
[    0.529794] mce: Using 0 MCE banks
[    0.530208] RAS: Correctable Errors collector initialized.
[    0.530743] sched_clock: Marking stable (529776595, 0)->(679723154, -149946559)
[    0.531768] registered taskstats version 1
[    0.532195] Loading compiled-in X.509 certificates
[    0.537375] Loaded X.509 cert 'Build time autogenerated kernel key: 81757e40860ca54b8a45e323b66799c03c91a344'
[    0.538404] zswap: loaded using pool lzo/zbud
[    0.541302] Key type big_key registered
[    0.541734] Key type trusted registered
[    0.543197] Key type encrypted registered
[    0.543651] AppArmor: AppArmor sha1 policy hashing enabled
[    0.544191] ima: No TPM chip found, activating TPM-bypass! (rc=-19)
[    0.544826] ima: Allocated hash algorithm: sha1
[    0.545325] evm: HMAC attrs: 0x1
[    0.545850]   Magic number: 8:211:493
[    0.546362] rtc_cmos rtc_cmos: setting system clock to 2020-06-05 18:29:55 UTC (1591381795)
[    0.547251] BIOS EDD facility v0.16 2004-Jun-25, 0 devices found
[    0.547826] EDD information not available.
[    0.674926] Freeing unused kernel image memory: 2432K
[    0.702202] Write protecting the kernel read-only data: 20480k
[    0.703959] Freeing unused kernel image memory: 2008K
[    0.704989] Freeing unused kernel image memory: 1876K
[    0.711096] x86/mm: Checked W+X mappings: passed, no W+X pages found.
[    0.711764] x86/mm: Checking user space page tables
[    0.717634] x86/mm: Checked W+X mappings: passed, no W+X pages found.
Loading, please wait...
starting version 237
[    0.757358] e1000: Intel(R) PRO/1000 Network Driver - version 7.3.21-k8-NAPI
[    0.758115] e1000: Copyright (c) 1999-2006 Intel Corporation.
[    0.765346] Fusion MPT base driver 3.04.20
[    0.765823] Copyright (c) 1999-2008 LSI Corporation
[    0.769541] Fusion MPT SPI Host driver 3.04.20
[    0.774450] AVX2 version of gcm_enc/dec engaged.
[    0.774972] AES CTR mode by8 optimization enabled
[    0.972974] input: ImExPS/2 Generic Explorer Mouse as /devices/platform/i8042/serio1/input/input4
[    1.111784] e1000 0000:00:03.0 eth0: (PCI:33MHz:32-bit) 02:85:4f:0b:ef:e7
[    1.112525] e1000 0000:00:03.0 eth0: Intel(R) PRO/1000 Network Connection
[    1.113831] mptbase: ioc0: Initiating bringup
[    1.208790] ioc0: LSI53C1030 A0: Capabilities={Initiator}
[    1.459666] scsi host2: ioc0: LSI53C1030 A0, FwRev=00000000h, Ports=1, MaxQ=256, IRQ=20
[    1.634124] scsi 2:0:0:0: Direct-Access     VBOX     HARDDISK         1.0  PQ: 0 ANSI: 5
[    1.686612] scsi target2:0:0: Beginning Domain Validation
[    1.695402] scsi target2:0:0: Domain Validation skipping write tests
[    1.699452] scsi target2:0:0: Ending Domain Validation
[    1.703263] scsi target2:0:0: asynchronous
[    1.707311] scsi 2:0:1:0: Direct-Access     VBOX     HARDDISK         1.0  PQ: 0 ANSI: 5
[    1.944286] scsi target2:0:1: Beginning Domain Validation
[    1.945832] random: fast init done
[    1.946232] scsi target2:0:1: Domain Validation skipping write tests
[    1.946868] scsi target2:0:1: Ending Domain Validation
[    1.947526] scsi target2:0:1: asynchronous
[    1.950072] random: systemd-udevd: uninitialized urandom read (16 bytes read)
[    1.950795] random: systemd-udevd: uninitialized urandom read (16 bytes read)
[    1.951559] random: systemd-udevd: uninitialized urandom read (16 bytes read)
[    1.952651] sd 2:0:0:0: [sda] 20971520 512-byte logical blocks: (10.7 GB/10.0 GiB)
[    1.954291] sd 2:0:0:0: [sda] Write Protect is off
[    1.954898] sd 2:0:0:0: [sda] Incomplete mode parameter data
[    1.955471] sd 2:0:0:0: [sda] Assuming drive cache: write through
[    1.956240] sd 2:0:0:0: Attached scsi generic sg0 type 0
[    1.957474] sd 2:0:1:0: Attached scsi generic sg1 type 0
[    1.958406]  sda: sda1
[    1.959388] sd 2:0:0:0: [sda] Attached SCSI disk
[    1.960201] sd 2:0:1:0: [sdb] 20480 512-byte logical blocks: (10.5 MB/10.0 MiB)
[    1.961087] sd 2:0:1:0: [sdb] Write Protect is off
[    1.961747] sd 2:0:1:0: [sdb] Incomplete mode parameter data
[    1.962392] sd 2:0:1:0: [sdb] Assuming drive cache: write through
[    1.965431] sd 2:0:1:0: [sdb] Attached SCSI disk
[    2.037897] e1000 0000:00:08.0 eth1: (PCI:33MHz:32-bit) 08:00:27:58:d8:e4
[    2.038755] e1000 0000:00:08.0 eth1: Intel(R) PRO/1000 Network Connection
[    2.043625] e1000 0000:00:03.0 enp0s3: renamed from eth0
[    2.064203] e1000 0000:00:08.0 enp0s8: renamed from eth1
Begin: Loading essential drivers ... [    3.416268] raid6: sse2x1   gen() 14953 MB/s
[    3.464314] raid6: sse2x1   xor()  8748 MB/s
[    3.512220] raid6: sse2x2   gen() 17605 MB/s
[    3.562184] raid6: sse2x2   xor() 12517 MB/s
[    3.612188] raid6: sse2x4   gen() 21090 MB/s
[    3.662071] raid6: sse2x4   xor() 11436 MB/s
[    3.708474] raid6: avx2x1   gen() 27377 MB/s
[    3.756945] raid6: avx2x1   xor() 17955 MB/s
[    3.806089] raid6: avx2x2   gen() 33685 MB/s
[    3.852065] raid6: avx2x2   xor() 23050 MB/s
[    3.902114] raid6: avx2x4   gen() 38577 MB/s
[    3.952060] raid6: avx2x4   xor() 21869 MB/s
[    3.952584] raid6: using algorithm avx2x4 gen() 38577 MB/s
[    3.953210] raid6: .... xor() 21869 MB/s, rmw enabled
[    3.954144] raid6: using avx2x2 recovery algorithm
[    3.955731] xor: automatically using best checksumming function   avx       
[    3.957332] async_tx: api initialized (async)
done.
Begin: Running /scripts/init-premount ... done.
Begin: Mounting root file system ... Begin: Running /scripts/local-top ... done.
Begin: Running /scripts/local-premount ... [    3.993077] Btrfs loaded, crc32c=crc32c-intel
Scanning for Btrfs filesystems
done.
Warning: fsck not present, so skipping root file system
[    4.087594] EXT4-fs (sda1): mounted filesystem with ordered data mode. Opts: (null)
done.
Begin: Running /scripts/local-bottom ... done.
Begin: Running /scripts/init-bottom ... done.
[    4.811536] ip_tables: (C) 2000-2006 Netfilter Core Team
[    4.831346] systemd[1]: systemd 237 running in system mode. (+PAM +AUDIT +SELINUX +IMA +APPARMOR +SMACK +SYSVINIT +UTMP +LIBCRYPTSETUP +GCRYPT +GNUTLS +ACL +XZ +LZ4 +SECCOMP +BLKID +ELFUTILS +KMOD -IDN2 +IDN -PCRE2 default-hierarchy=hybrid)
[    4.833527] systemd[1]: Detected virtualization oracle.
[    4.834109] systemd[1]: Detected architecture x86-64.

Welcome to [1mUbuntu 18.04.4 LTS[0m!

[    4.848794] systemd[1]: Set hostname to <ubuntu-bionic>.
[    5.581434] systemd[1]: Reached target System Time Synchronized.
[[0;32m  OK  [0m] Reached target System Time Synchronized.
[    5.583487] systemd[1]: Reached target User and Group Name Lookups.
[[0;32m  OK  [0m] Reached target User and Group Name Lookups.
[    5.587675] systemd[1]: Created slice User and Session Slice.
[[0;32m  OK  [0m] Created slice User and Session Slice.
[    5.589884] systemd[1]: Created slice System Slice.
[[0;32m  OK  [0m] Created slice System Slice.
[    5.591809] systemd[1]: Created slice system-serial\x2dgetty.slice.
[[0;32m  OK  [0m] Created slice system-serial\x2dgetty.slice.
[    5.594246] systemd[1]: Reached target Slices.
[[0;32m  OK  [0m] Reached target Slices.
[[0;32m  OK  [0m] Listening on udev Control Socket.
[[0;32m  OK  [0m] Listening on Syslog Socket.
[[0;32m  OK  [0m] Listening on Journal Socket (/dev/log).
[[0;32m  OK  [0m] Listening on /dev/initctl Compatibility Named Pipe.
[[0;32m  OK  [0m] Listening on Journal Audit Socket.
[[0;32m  OK  [0m] Listening on LVM2 poll daemon socket.
[[0;32m  OK  [0m] Listening on udev Kernel Socket.
[[0;32m  OK  [0m] Listening on Device-mapper event daemon FIFOs.
[[0;32m  OK  [0m] Listening on Journal Socket.
         Mounting Kernel Debug File System...
         Starting Set the console keyboard layout...
         Mounting Huge Pages File System...
         Mounting POSIX Message Queue File System...
         Starting udev Coldplug all Devices...
         Starting Load Kernel Modules...
         Starting Remount Root and Kernel File Systems...
[[0;32m  OK  [0m] Reached target Swap.
[[0;32m  OK  [0m] Listening on LVM2 metadata daemon socket.
         Starting Monitoring of LVM2 mirrorsâ€¦ng dmeventd or progress polling...
         Starting Journal Service...
         Starting Create list of required stâ€¦ce nodes for the current kernel...
[[0;32m  OK  [0m] Listening on Network Service Netlink Socket.
         Starting Uncomplicated firewall...
[[0;32m  OK  [0m] Set up automount Arbitrary Executabâ€¦rmats File System Automount Point.
[[0;32m  OK  [0m] Started Forward Password Requests to Wall Directory Watch.
[[0;32m  OK  [0m] Mounted Kernel Debug File System.
[[0;32m  OK  [0m] Mounted Huge Pages File System.
[[0;32m  OK  [0m] Mounted POSIX Message Queue File System.
[[0;32m  OK  [0m] Started Create list of required staâ€¦vice nodes for the current kernel.
[[0;32m  OK  [0m] Started Uncomplicated firewall.
         Starting Create Static Device Nodes in /dev...
[    5.812763] EXT4-fs (sda1): re-mounted. Opts: (null)
[[0;32m  OK  [0m] Started Remount Root and Kernel File Systems.
[    5.901678] Loading iSCSI transport class v2.0-870.
[    5.910426] iscsi: registered transport (tcp)
         Starting Load/Save Random Seed...
[[0;32m  OK  [0m] Started udev Coldplug all Devices.
[[0;32m  OK  [0m] Started LVM2 metadata daemon.
[[0;32m  OK  [0m] Started Journal Service.
         Starting Flush Journal to Persistent Storage...
[[0;32m  OK  [0m] Started Create Static Device Nodes in /dev.
         Starting udev Kernel Device Manager...
[    6.067646] iscsi: registered transport (iser)
[[0;32m  OK  [0m] Started Load Kernel Modules.
         Mounting FUSE Control File System...
         Starting Apply Kernel Variables...
         Mounting Kernel Configuration File System...
[[0;32m  OK  [0m] Mounted Kernel Configuration File System.
[[0;32m  OK  [0m] Mounted FUSE Control File System.
[[0;32m  OK  [0m] Started Set the console keyboard layout.
[[0;32m  OK  [0m] Started Load/Save Random Seed.
[    6.099017] systemd-journald[410]: Received request to flush runtime journal from PID 1
[[0;32m  OK  [0m] Started Monitoring of LVM2 mirrors,â€¦sing dmeventd or progress polling.
[[0;32m  OK  [0m] Reached target Local File Systems (Pre).
[[0;32m  OK  [0m] Reached target Local File Systems.
         Starting Tell Plymouth To Write Out Runtime Data...
         Starting Set console font and keymap...
         Starting AppArmor initialization...
         Starting ebtables ruleset management...
[[0;32m  OK  [0m] Started udev Kernel Device Manager.
[[0;32m  OK  [0m] Started Dispatch Password Requests to Console Directory Watch.
[[0;32m  OK  [0m] Reached target Local Encrypted Volumes.
[[0;32m  OK  [0m] Started Apply Kernel Variables.
[[0;32m  OK  [0m] Started Set console font and keymap.
[[0;32m  OK  [0m] Started Tell Plymouth To Write Out Runtime Data.
[[0;32m  OK  [0m] Found device /dev/ttyS0.
[[0;32m  OK  [0m] Listening on Load/Save RF Kill Switch Status /dev/rfkill Watch.
[[0;32m  OK  [0m] Started ebtables ruleset management.
[[0;32m  OK  [0m] Started Flush Journal to Persistent Storage.
         Starting Create Volatile Files and Directories...
[[0;32m  OK  [0m] Started Create Volatile Files and Directories.
         Starting Update UTMP about System Boot/Shutdown...
[[0;32m  OK  [0m] Started Update UTMP about System Boot/Shutdown.
[[0;32m  OK  [0m] Started AppArmor initialization.
         Starting Initial cloud-init job (pre-networking)...
[   10.825569] cloud-init[577]: Cloud-init v. 19.4-33-gbb4131a2-0ubuntu1~18.04.1 running 'init-local' at Fri, 05 Jun 2020 18:30:05 +0000. Up 10.63 seconds.
[[0;32m  OK  [0m] Started Initial cloud-init job (pre-networking).
[[0;32m  OK  [0m] Reached target Network (Pre).
         Starting Network Service...
[[0;32m  OK  [0m] Started Network Service.
         Starting Wait for Network to be Configured...
         Starting Network Name Resolution...
[[0;32m  OK  [0m] Started Network Name Resolution.
[[0;32m  OK  [0m] Reached target Network.
[[0;32m  OK  [0m] Reached target Host and Network Name Lookups.
[[0;32m  OK  [0m] Started Wait for Network to be Configured.
         Starting Initial cloud-init job (metadata service crawler)...
[   12.444825] cloud-init[675]: Cloud-init v. 19.4-33-gbb4131a2-0ubuntu1~18.04.1 running 'init' at Fri, 05 Jun 2020 18:30:07 +0000. Up 12.34 seconds.
[   12.446650] cloud-init[675]: ci-info: ++++++++++++++++++++++++++++++++++++++Net device info+++++++++++++++++++++++++++++++++++++++
[   12.447595] cloud-init[675]: ci-info: +--------+------+-----------------------------+---------------+--------+-------------------+
[   12.448337] cloud-init[675]: ci-info: | Device |  Up  |           Address           |      Mask     | Scope  |     Hw-Address    |
[   12.449228] cloud-init[675]: ci-info: +--------+------+-----------------------------+---------------+--------+-------------------+
[   12.450151] cloud-init[675]: ci-info: | enp0s3 | True |          10.0.2.15          | 255.255.255.0 | global | 02:85:4f:0b:ef:e7 |
[   12.451042] cloud-init[675]: ci-info: | enp0s3 | True |  fe80::85:4fff:fe0b:efe7/64 |       .       |  link  | 02:85:4f:0b:ef:e7 |
[   12.452955] cloud-init[675]: ci-info: | enp0s8 | True |        192.168.33.15        | 255.255.255.0 | global | 08:00:27:58:d8:e4 |
[   12.454161] cloud-init[675]: ci-info: | enp0s8 | True | fe80::a00:27ff:fe58:d8e4/64 |       .       |  link  | 08:00:27:58:d8:e4 |
[   12.455189] cloud-init[675]: ci-info: |   lo   | True |          127.0.0.1          |   255.0.0.0   |  host  |         .         |
[   12.468378] cloud-init[675]: ci-info: |   lo   | True |           ::1/128           |       .       |  host  |         .         |
[   12.469242] cloud-init[675]: ci-info: +--------+------+-----------------------------+---------------+--------+-------------------+
[   12.470226] cloud-init[675]: ci-info: +++++++++++++++++++++++++++++Route IPv4 info+++++++++++++++++++++++++++++
[   12.471241] cloud-init[675]: ci-info: +-------+--------------+----------+-----------------+-----------+-------+
[   12.472218] cloud-init[675]: ci-info: | Route | Destination  | Gateway  |     Genmask     | Interface | Flags |
[   12.484205] cloud-init[675]: ci-info: +-------+--------------+----------+-----------------+-----------+-------+
[   12.484830] cloud-init[675]: ci-info: |   0   |   0.0.0.0    | 10.0.2.2 |     0.0.0.0     |   enp0s3  |   UG  |
[   12.496409] cloud-init[675]: ci-info: |   1   |   10.0.2.0   | 0.0.0.0  |  255.255.255.0  |   enp0s3  |   U   |
[   12.497237] cloud-init[675]: ci-info: |   2   |   10.0.2.2   | 0.0.0.0  | 255.255.255.255 |   enp0s3  |   UH  |
[   12.497982] cloud-init[675]: ci-info: |   3   | 192.168.33.0 | 0.0.0.0  |  255.255.255.0  |   enp0s8  |   U   |
[   12.498700] cloud-init[675]: ci-info: +-------+--------------+----------+-----------------+-----------+-------+
[   12.499427] cloud-init[675]: ci-info: +++++++++++++++++++Route IPv6 info+++++++++++++++++++
[   12.499994] cloud-init[675]: ci-info: +-------+-------------+---------+-----------+-------+
[   12.500567] cloud-init[675]: ci-info: | Route | Destination | Gateway | Interface | Flags |
[   12.501105] cloud-init[675]: ci-info: +-------+-------------+---------+-----------+-------+
[   12.512160] cloud-init[675]: ci-info: |   1   |  fe80::/64  |    ::   |   enp0s8  |   U   |
[   12.512769] cloud-init[675]: ci-info: |   2   |  fe80::/64  |    ::   |   enp0s3  |   U   |
[   12.513308] cloud-init[675]: ci-info: |   4   |    local    |    ::   |   enp0s3  |   U   |
[   12.513904] cloud-init[675]: ci-info: |   5   |    local    |    ::   |   enp0s8  |   U   |
[   12.514515] cloud-init[675]: ci-info: |   6   |   ff00::/8  |    ::   |   enp0s8  |   U   |
[   12.515102] cloud-init[675]: ci-info: |   7   |   ff00::/8  |    ::   |   enp0s3  |   U   |
[   12.515816] cloud-init[675]: ci-info: +-------+-------------+---------+-----------+-------+
[[0;32m  OK  [0m] Started Initial cloud-init job (metadata service crawler).
[[0;32m  OK  [0m] Reached target Cloud-config availability.
[[0;32m  OK  [0m] Reached target Network is Online.
[[0;32m  OK  [0m] Reached target Remote File Systems (Pre).
[[0;32m  OK  [0m] Reached target Remote File Systems.
         Starting Availability of block devices...
[[0;32m  OK  [0m] Reached target System Initialization.
[[0;32m  OK  [0m] Listening on D-Bus System Message Bus Socket.
[[0;32m  OK  [0m] Listening on UUID daemon activation socket.
[[0;32m  OK  [0m] Started Daily Cleanup of Temporary Directories.
[[0;32m  OK  [0m] Started Daily apt download activities.
[[0;32m  OK  [0m] Started ACPI Events Check.
[[0;32m  OK  [0m] Started Message of the Day.
[[0;32m  OK  [0m] Reached target Paths.
[[0;32m  OK  [0m] Listening on Open-iSCSI iscsid Socket.
         Starting LXD - unix socket.
         Starting Socket activation for snappy daemon.
[[0;32m  OK  [0m] Started Clean PHP session files every 30 mins.
[[0;32m  OK  [0m] Started Daily apt upgrade and clean activities.
[[0;32m  OK  [0m] Listening on ACPID Listen Socket.
[[0;32m  OK  [0m] Started Discard unused blocks once a week.
[[0;32m  OK  [0m] Reached target Timers.
[[0;32m  OK  [0m] Started Availability of block devices.
[[0;32m  OK  [0m] Listening on LXD - unix socket.
[[0;32m  OK  [0m] Listening on Socket activation for snappy daemon.
[[0;32m  OK  [0m] Reached target Sockets.
[[0;32m  OK  [0m] Reached target Basic System.
         Starting Login Service...
         Starting LSB: Record successful boot for GRUB...
         Starting System Logging Service...
         Starting Virtualbox guest utils...
         Starting Accounts Service...
[[0;32m  OK  [0m] Started Regular background program processing daemon.
[[0;32m  OK  [0m] Started D-Bus System Message Bus.
         Starting Dispatcher daemon for systemd-networkd...
         Starting Permit User Sessions...
[[0;32m  OK  [0m] Started irqbalance daemon.
         Starting The Apache HTTP Server...
         Starting Snappy daemon...
[[0;32m  OK  [0m] Started Deferred execution scheduler.
[[0;32m  OK  [0m] Started FUSE filesystem for LXC.
         Starting OpenBSD Secure Shell server...
         Starting LSB: automatic crash report generation...
         Starting LXD - container startup/shutdown...
[[0;32m  OK  [0m] Started System Logging Service.
[[0;32m  OK  [0m] Started Permit User Sessions.
[[0;32m  OK  [0m] Started Login Service.
         Starting Authorization Manager...
[[0;32m  OK  [0m] Started Unattended Upgrades Shutdown.
         Starting Terminate Plymouth Boot Screen...
         Starting Hold until boot process finishes up...
[[0;32m  OK  [0m] Started Hold until boot process finishes up.
         Starting Set console scheme...
[[0;32m  OK  [0m] Started Serial Getty on ttyS0.
[[0;32m  OK  [0m] Started Terminate Plymouth Boot Screen.
[[0;32m  OK  [0m] Started Authorization Manager.
[[0;32m  OK  [0m] Started Accounts Service.
[[0;32m  OK  [0m] Started Set console scheme.
[[0;32m  OK  [0m] Created slice system-getty.slice.
[[0;32m  OK  [0m] Started Getty on tty1.
[[0;32m  OK  [0m] Reached target Login Prompts.
[[0;32m  OK  [0m] Started LSB: Record successful boot for GRUB.
[[0;32m  OK  [0m] Started LSB: automatic crash report generation.
[[0;32m  OK  [0m] Started OpenBSD Secure Shell server.
[[0;32m  OK  [0m] Started Virtualbox guest utils.
[[0;32m  OK  [0m] Started Dispatcher daemon for systemd-networkd.
[[0;32m  OK  [0m] Created slice User Slice of vagrant.
         Starting User Manager for UID 1000...
[[0;32m  OK  [0m] Started Session 1 of user vagrant.
[[0;32m  OK  [0m] Started LXD - container startup/shutdown.
[[0;32m  OK  [0m] Started The Apache HTTP Server.
[[0;32m  OK  [0m] Started Snappy daemon.
         Starting Wait until snapd is fully seeded...
[[0;32m  OK  [0m] Started User Manager for UID 1000.
[[0;32m  OK  [0m] Started Wait until snapd is fully seeded.
[[0;32m  OK  [0m] Reached target Multi-User System.
[[0;32m  OK  [0m] Reached target Graphical Interface.
         Starting Update UTMP about System Runlevel Changes...
         Starting Apply the settings specified in cloud-config...
[[0;32m  OK  [0m] Started Update UTMP about System Runlevel Changes.
[   14.563369] cloud-init[1262]: Cloud-init v. 19.4-33-gbb4131a2-0ubuntu1~18.04.1 running 'modules:config' at Fri, 05 Jun 2020 18:30:09 +0000. Up 14.43 seconds.
[[0;32m  OK  [0m] Started Apply the settings specified in cloud-config.
         Starting Execute cloud user/final scripts...
[   14.976389] cloud-init[1317]: Cloud-init v. 19.4-33-gbb4131a2-0ubuntu1~18.04.1 running 'modules:final' at Fri, 05 Jun 2020 18:30:09 +0000. Up 14.88 seconds.
[   14.977442] cloud-init[1317]: Cloud-init v. 19.4-33-gbb4131a2-0ubuntu1~18.04.1 finished at Fri, 05 Jun 2020 18:30:09 +0000. Datasource DataSourceNoCloud [seed=/dev/sdb][dsmode=net].  Up 14.97 seconds
[[0;32m  OK  [0m] Started Execute cloud user/final scripts.
[[0;32m  OK  [0m] Reached target Cloud-init target.

Ubuntu 18.04.4 LTS ubuntu-bionic ttyS0

ubuntu-bionic login: 