[    0.000000] Linux version 4.15.0-106-generic (buildd@lcy01-amd64-016) (gcc version 7.5.0 (Ubuntu 7.5.0-3ubuntu1~18.04)) #107-Ubuntu SMP Thu Jun 4 11:27:52 UTC 2020 (Ubuntu 4.15.0-106.107-generic 4.15.18)
[    0.000000] Command line: BOOT_IMAGE=/boot/vmlinuz-4.15.0-106-generic root=UUID=0679f1c9-b481-498c-ad60-511bcc87703f ro console=tty1 console=ttyS0
[    0.000000] KERNEL supported cpus:
[    0.000000]   Intel GenuineIntel
[    0.000000]   AMD AuthenticAMD
[    0.000000]   Centaur CentaurHauls
[    0.000000] x86/fpu: Supporting XSAVE feature 0x001: 'x87 floating point registers'
[    0.000000] x86/fpu: Supporting XSAVE feature 0x002: 'SSE registers'
[    0.000000] x86/fpu: Supporting XSAVE feature 0x004: 'AVX registers'
[    0.000000] x86/fpu: xstate_offset[2]:  576, xstate_sizes[2]:  256
[    0.000000] x86/fpu: Enabled xstate features 0x7, context size is 832 bytes, using 'standard' format.
[    0.000000] e820: BIOS-provided physical RAM map:
[    0.000000] BIOS-e820: [mem 0x0000000000000000-0x000000000009fbff] usable
[    0.000000] BIOS-e820: [mem 0x000000000009fc00-0x000000000009ffff] reserved
[    0.000000] BIOS-e820: [mem 0x00000000000f0000-0x00000000000fffff] reserved
[    0.000000] BIOS-e820: [mem 0x0000000000100000-0x00000000dffeffff] usable
[    0.000000] BIOS-e820: [mem 0x00000000dfff0000-0x00000000dfffffff] ACPI data
[    0.000000] BIOS-e820: [mem 0x00000000fec00000-0x00000000fec00fff] reserved
[    0.000000] BIOS-e820: [mem 0x00000000fee00000-0x00000000fee00fff] reserved
[    0.000000] BIOS-e820: [mem 0x00000000fffc0000-0x00000000ffffffff] reserved
[    0.000000] BIOS-e820: [mem 0x0000000100000000-0x000000011fffffff] usable
[    0.000000] NX (Execute Disable) protection: active
[    0.000000] SMBIOS 2.5 present.
[    0.000000] DMI: innotek GmbH VirtualBox/VirtualBox, BIOS VirtualBox 12/01/2006
[    0.000000] Hypervisor detected: KVM
[    0.000000] e820: last_pfn = 0x120000 max_arch_pfn = 0x400000000
[    0.000000] MTRR: Disabled
[    0.000000] x86/PAT: MTRRs disabled, skipping PAT initialization too.
[    0.000000] CPU MTRRs all blank - virtualized system.
[    0.000000] x86/PAT: Configuration [0-7]: WB  WT  UC- UC  WB  WT  UC- UC  
[    0.000000] e820: last_pfn = 0xdfff0 max_arch_pfn = 0x400000000
[    0.000000] found SMP MP-table at [mem 0x0009fff0-0x0009ffff]
[    0.000000] Scanning 1 areas for low memory corruption
[    0.000000] RAMDISK: [mem 0x3595d000-0x36ca5fff]
[    0.000000] ACPI: Early table checksum verification disabled
[    0.000000] ACPI: RSDP 0x00000000000E0000 000024 (v02 VBOX  )
[    0.000000] ACPI: XSDT 0x00000000DFFF0030 00003C (v01 VBOX   VBOXXSDT 00000001 ASL  00000061)
[    0.000000] ACPI: FACP 0x00000000DFFF00F0 0000F4 (v04 VBOX   VBOXFACP 00000001 ASL  00000061)
[    0.000000] ACPI: DSDT 0x00000000DFFF0470 0022EA (v02 VBOX   VBOXBIOS 00000002 INTL 20180105)
[    0.000000] ACPI: FACS 0x00000000DFFF0200 000040
[    0.000000] ACPI: FACS 0x00000000DFFF0200 000040
[    0.000000] ACPI: APIC 0x00000000DFFF0240 00005C (v02 VBOX   VBOXAPIC 00000001 ASL  00000061)
[    0.000000] ACPI: SSDT 0x00000000DFFF02A0 0001CC (v01 VBOX   VBOXCPUT 00000002 INTL 20180105)
[    0.000000] No NUMA configuration found
[    0.000000] Faking a node at [mem 0x0000000000000000-0x000000011fffffff]
[    0.000000] NODE_DATA(0) allocated [mem 0x11ffd1000-0x11fffbfff]
[    0.000000] kvm-clock: cpu 0, msr 1:1ff50001, primary cpu clock
[    0.000000] kvm-clock: Using msrs 4b564d01 and 4b564d00
[    0.000000] kvm-clock: using sched offset of 3359150064 cycles
[    0.000000] clocksource: kvm-clock: mask: 0xffffffffffffffff max_cycles: 0x1cd42e4dffb, max_idle_ns: 881590591483 ns
[    0.000000] Zone ranges:
[    0.000000]   DMA      [mem 0x0000000000001000-0x0000000000ffffff]
[    0.000000]   DMA32    [mem 0x0000000001000000-0x00000000ffffffff]
[    0.000000]   Normal   [mem 0x0000000100000000-0x000000011fffffff]
[    0.000000]   Device   empty
[    0.000000] Movable zone start for each node
[    0.000000] Early memory node ranges
[    0.000000]   node   0: [mem 0x0000000000001000-0x000000000009efff]
[    0.000000]   node   0: [mem 0x0000000000100000-0x00000000dffeffff]
[    0.000000]   node   0: [mem 0x0000000100000000-0x000000011fffffff]
[    0.000000] Reserved but unavailable: 98 pages
[    0.000000] Initmem setup node 0 [mem 0x0000000000001000-0x000000011fffffff]
[    0.000000] ACPI: PM-Timer IO Port: 0x4008
[    0.000000] IOAPIC[0]: apic_id 2, version 32, address 0xfec00000, GSI 0-23
[    0.000000] ACPI: INT_SRC_OVR (bus 0 bus_irq 0 global_irq 2 dfl dfl)
[    0.000000] ACPI: INT_SRC_OVR (bus 0 bus_irq 9 global_irq 9 low level)
[    0.000000] Using ACPI (MADT) for SMP configuration information
[    0.000000] smpboot: Allowing 2 CPUs, 0 hotplug CPUs
[    0.000000] PM: Registered nosave memory: [mem 0x00000000-0x00000fff]
[    0.000000] PM: Registered nosave memory: [mem 0x0009f000-0x0009ffff]
[    0.000000] PM: Registered nosave memory: [mem 0x000a0000-0x000effff]
[    0.000000] PM: Registered nosave memory: [mem 0x000f0000-0x000fffff]
[    0.000000] PM: Registered nosave memory: [mem 0xdfff0000-0xdfffffff]
[    0.000000] PM: Registered nosave memory: [mem 0xe0000000-0xfebfffff]
[    0.000000] PM: Registered nosave memory: [mem 0xfec00000-0xfec00fff]
[    0.000000] PM: Registered nosave memory: [mem 0xfec01000-0xfedfffff]
[    0.000000] PM: Registered nosave memory: [mem 0xfee00000-0xfee00fff]
[    0.000000] PM: Registered nosave memory: [mem 0xfee01000-0xfffbffff]
[    0.000000] PM: Registered nosave memory: [mem 0xfffc0000-0xffffffff]
[    0.000000] e820: [mem 0xe0000000-0xfebfffff] available for PCI devices
[    0.000000] Booting paravirtualized kernel on KVM
[    0.000000] clocksource: refined-jiffies: mask: 0xffffffff max_cycles: 0xffffffff, max_idle_ns: 7645519600211568 ns
[    0.000000] random: get_random_bytes called from start_kernel+0x99/0x4fd with crng_init=0
[    0.000000] setup_percpu: NR_CPUS:8192 nr_cpumask_bits:2 nr_cpu_ids:2 nr_node_ids:1
[    0.000000] percpu: Embedded 45 pages/cpu s147456 r8192 d28672 u1048576
[    0.000000] PV qspinlock hash table entries: 256 (order: 0, 4096 bytes)
[    0.000000] Built 1 zonelists, mobility grouping on.  Total pages: 1032057
[    0.000000] Policy zone: Normal
[    0.000000] Kernel command line: BOOT_IMAGE=/boot/vmlinuz-4.15.0-106-generic root=UUID=0679f1c9-b481-498c-ad60-511bcc87703f ro console=tty1 console=ttyS0
[    0.000000] Memory: 4013112K/4193848K available (12300K kernel code, 2481K rwdata, 4272K rodata, 2436K init, 2720K bss, 180736K reserved, 0K cma-reserved)
[    0.000000] SLUB: HWalign=64, Order=0-3, MinObjects=0, CPUs=2, Nodes=1
[    0.000000] Kernel/User page tables isolation: enabled
[    0.000000] ftrace: allocating 39378 entries in 154 pages
[    0.004000] Hierarchical RCU implementation.
[    0.004000] 	RCU restricting CPUs from NR_CPUS=8192 to nr_cpu_ids=2.
[    0.004000] 	Tasks RCU enabled.
[    0.004000] RCU: Adjusting geometry for rcu_fanout_leaf=16, nr_cpu_ids=2
[    0.004000] NR_IRQS: 524544, nr_irqs: 440, preallocated irqs: 16
[    0.004000] Console: colour VGA+ 80x25
[    0.004000] console [tty1] enabled
[    0.004000] console [ttyS0] enabled
[    0.004000] ACPI: Core revision 20170831
[    0.004000] ACPI: 2 ACPI AML tables successfully acquired and loaded
[    0.004000] APIC: Switch to symmetric I/O mode setup
[    0.004000] x2apic enabled
[    0.004000] Switched APIC routing to physical x2apic.
[    0.004000] ..TIMER: vector=0x30 apic1=0 pin1=2 apic2=-1 pin2=-1
[    0.004011] tsc: Detected 3599.998 MHz processor
[    0.004558] Calibrating delay loop (skipped) preset value.. 7199.99 BogoMIPS (lpj=14399992)
[    0.004937] pid_max: default: 32768 minimum: 301
[    0.005549] Security Framework initialized
[    0.005997] Yama: becoming mindful.
[    0.006428] AppArmor: AppArmor initialized
[    0.009547] Dentry cache hash table entries: 524288 (order: 10, 4194304 bytes)
[    0.011116] Inode-cache hash table entries: 262144 (order: 9, 2097152 bytes)
[    0.012029] Mount-cache hash table entries: 8192 (order: 4, 65536 bytes)
[    0.012727] Mountpoint-cache hash table entries: 8192 (order: 4, 65536 bytes)
[    0.013639] Last level iTLB entries: 4KB 128, 2MB 8, 4MB 8
[    0.014179] Last level dTLB entries: 4KB 64, 2MB 0, 4MB 0, 1GB 4
[    0.014761] Spectre V1 : Mitigation: usercopy/swapgs barriers and __user pointer sanitization
[    0.016015] Spectre V2 : Mitigation: Full generic retpoline
[    0.016695] Spectre V2 : Spectre v2 / SpectreRSB mitigation: Filling RSB on context switch
[    0.017908] Speculative Store Bypass: Vulnerable
[    0.020073] SRBDS: Unknown: Dependent on hypervisor status
[    0.020785] MDS: Mitigation: Clear CPU buffers
[    0.021421] Freeing SMP alternatives memory: 36K
[    0.131905] smpboot: CPU0: Intel(R) Core(TM) i7-9700K CPU @ 3.60GHz (family: 0x6, model: 0x9e, stepping: 0xd)
[    0.132000] Performance Events: unsupported p6 CPU model 158 no PMU driver, software events only.
[    0.132000] Hierarchical SRCU implementation.
[    0.132155] NMI watchdog: Perf event create on CPU 0 failed with -2
[    0.132808] NMI watchdog: Perf NMI watchdog permanently disabled
[    0.133474] smp: Bringing up secondary CPUs ...
[    0.134393] x86: Booting SMP configuration:
[    0.134839] .... node  #0, CPUs:      #1
[    0.004000] kvm-clock: cpu 1, msr 1:1ff50041, secondary cpu clock
[    0.140023] smp: Brought up 1 node, 2 CPUs
[    0.140487] smpboot: Max logical packages: 1
[    0.144013] smpboot: Total of 2 processors activated (14399.99 BogoMIPS)
[    0.144959] devtmpfs: initialized
[    0.144959] x86/mm: Memory block size: 128MB
[    0.145415] evm: security.selinux
[    0.148011] evm: security.SMACK64
[    0.148411] evm: security.SMACK64EXEC
[    0.149121] evm: security.SMACK64TRANSMUTE
[    0.149704] evm: security.SMACK64MMAP
[    0.150252] evm: security.apparmor
[    0.150713] evm: security.ima
[    0.151113] evm: security.capability
[    0.152076] clocksource: jiffies: mask: 0xffffffff max_cycles: 0xffffffff, max_idle_ns: 7645041785100000 ns
[    0.153025] futex hash table entries: 512 (order: 3, 32768 bytes)
[    0.153750] pinctrl core: initialized pinctrl subsystem
[    0.154457] RTC time: 22:48:51, date: 06/10/20
[    0.155324] NET: Registered protocol family 16
[    0.156050] audit: initializing netlink subsys (disabled)
[    0.156614] audit: type=2000 audit(1591829336.247:1): state=initialized audit_enabled=0 res=1
[    0.156890] cpuidle: using governor ladder
[    0.156890] cpuidle: using governor menu
[    0.156975] ACPI: bus type PCI registered
[    0.157399] acpiphp: ACPI Hot Plug PCI Controller Driver version: 0.5
[    0.160087] PCI: Using configuration type 1 for base access
[    0.164122] HugeTLB registered 2.00 MiB page size, pre-allocated 0 pages
[    0.164976] ACPI: Added _OSI(Module Device)
[    0.165442] ACPI: Added _OSI(Processor Device)
[    0.168016] ACPI: Added _OSI(3.0 _SCP Extensions)
[    0.168524] ACPI: Added _OSI(Processor Aggregator Device)
[    0.172023] ACPI: Added _OSI(Linux-Dell-Video)
[    0.172507] ACPI: Added _OSI(Linux-Lenovo-NV-HDMI-Audio)
[    0.173067] ACPI: Added _OSI(Linux-HPI-Hybrid-Graphics)
[    0.173801] ACPI: Executed 1 blocks of module-level executable AML code
[    0.177126] ACPI: Interpreter enabled
[    0.177544] ACPI: (supports S0 S5)
[    0.177946] ACPI: Using IOAPIC for interrupt routing
[    0.178611] PCI: Using host bridge windows from ACPI; if necessary, use "pci=nocrs" and report a bug
[    0.180209] ACPI: Enabled 2 GPEs in block 00 to 07
[    0.187180] ACPI: PCI Root Bridge [PCI0] (domain 0000 [bus 00-ff])
[    0.187973] acpi PNP0A03:00: _OSC: OS supports [ASPM ClockPM Segments MSI]
[    0.188373] acpi PNP0A03:00: _OSC: not requesting OS control; OS requires [ExtendedConfig ASPM ClockPM MSI]
[    0.189437] acpi PNP0A03:00: fail to add MMCONFIG information, can't access extended PCI configuration space under this bridge.
[    0.192108] PCI host bridge to bus 0000:00
[    0.192549] pci_bus 0000:00: root bus resource [io  0x0000-0x0cf7 window]
[    0.193208] pci_bus 0000:00: root bus resource [io  0x0d00-0xffff window]
[    0.193878] pci_bus 0000:00: root bus resource [mem 0x000a0000-0x000bffff window]
[    0.194625] pci_bus 0000:00: root bus resource [mem 0xe0000000-0xfdffffff window]
[    0.195449] pci_bus 0000:00: root bus resource [bus 00-ff]
[    0.197871] pci 0000:00:01.1: legacy IDE quirk: reg 0x10: [io  0x01f0-0x01f7]
[    0.198968] pci 0000:00:01.1: legacy IDE quirk: reg 0x14: [io  0x03f6]
[    0.199716] pci 0000:00:01.1: legacy IDE quirk: reg 0x18: [io  0x0170-0x0177]
[    0.200009] pci 0000:00:01.1: legacy IDE quirk: reg 0x1c: [io  0x0376]
[    0.285527] pci 0000:00:07.0: quirk: [io  0x4000-0x403f] claimed by PIIX4 ACPI
[    0.288000] pci 0000:00:07.0: quirk: [io  0x4100-0x410f] claimed by PIIX4 SMB
[    0.341066] ACPI: PCI Interrupt Link [LNKA] (IRQs 5 9 10 *11)
[    0.342380] ACPI: PCI Interrupt Link [LNKB] (IRQs 5 9 *10 11)
[    0.344000] ACPI: PCI Interrupt Link [LNKC] (IRQs 5 *9 10 11)
[    0.344253] ACPI: PCI Interrupt Link [LNKD] (IRQs 5 9 10 *11)
[    0.348358] SCSI subsystem initialized
[    0.348888] pci 0000:00:02.0: vgaarb: setting as boot VGA device
[    0.348888] pci 0000:00:02.0: vgaarb: VGA device added: decodes=io+mem,owns=io+mem,locks=none
[    0.349538] pci 0000:00:02.0: vgaarb: bridge control possible
[    0.352012] vgaarb: loaded
[    0.352390] ACPI: bus type USB registered
[    0.352844] usbcore: registered new interface driver usbfs
[    0.353449] usbcore: registered new interface driver hub
[    0.354030] usbcore: registered new device driver usb
[    0.354613] EDAC MC: Ver: 3.0.0
[    0.354613] PCI: Using ACPI for IRQ routing
[    0.356160] NetLabel: Initializing
[    0.356557] NetLabel:  domain hash size = 128
[    0.357041] NetLabel:  protocols = UNLABELED CIPSOv4 CALIPSO
[    0.357639] NetLabel:  unlabeled traffic allowed by default
[    0.358220] clocksource: Switched to clocksource kvm-clock
[    0.367890] VFS: Disk quotas dquot_6.6.0
[    0.368677] VFS: Dquot-cache hash table entries: 512 (order 0, 4096 bytes)
[    0.370148] AppArmor: AppArmor Filesystem Enabled
[    0.370742] pnp: PnP ACPI init
[    0.371696] pnp: PnP ACPI: found 3 devices
[    0.380514] clocksource: acpi_pm: mask: 0xffffff max_cycles: 0xffffff, max_idle_ns: 2085701024 ns
[    0.381592] NET: Registered protocol family 2
[    0.382319] TCP established hash table entries: 32768 (order: 6, 262144 bytes)
[    0.383139] TCP bind hash table entries: 32768 (order: 7, 524288 bytes)
[    0.383959] TCP: Hash tables configured (established 32768 bind 32768)
[    0.384709] UDP hash table entries: 2048 (order: 4, 65536 bytes)
[    0.385315] UDP-Lite hash table entries: 2048 (order: 4, 65536 bytes)
[    0.385998] NET: Registered protocol family 1
[    0.386460] pci 0000:00:00.0: Limiting direct PCI/PCI transfers
[    0.387059] pci 0000:00:01.0: Activating ISA DMA hang workarounds
[    0.387699] pci 0000:00:02.0: Video device with shadowed ROM at [mem 0x000c0000-0x000dffff]
[    0.388645] Unpacking initramfs...
[    0.625117] Freeing initrd memory: 19748K
[    0.625984] PCI-DMA: Using software bounce buffering for IO (SWIOTLB)
[    0.626891] software IO TLB: mapped [mem 0xdbff0000-0xdfff0000] (64MB)
[    0.628210] clocksource: tsc: mask: 0xffffffffffffffff max_cycles: 0x33e451ab1a6, max_idle_ns: 440795278720 ns
[    0.629478] platform rtc_cmos: registered platform RTC device (no PNP device found)
[    0.630422] Scanning for low memory corruption every 60 seconds
[    0.631704] Initialise system trusted keyrings
[    0.632242] Key type blacklist registered
[    0.633702] workingset: timestamp_bits=36 max_order=20 bucket_order=0
[    0.635668] zbud: loaded
[    0.636537] squashfs: version 4.0 (2009/01/31) Phillip Lougher
[    0.637371] fuse init (API version 7.26)
[    0.642831] Key type asymmetric registered
[    0.643329] Asymmetric key parser 'x509' registered
[    0.643960] Block layer SCSI generic (bsg) driver version 0.4 loaded (major 246)
[    0.645121] io scheduler noop registered
[    0.645709] io scheduler deadline registered
[    0.646441] io scheduler cfq registered (default)
[    0.647292] ACPI: AC Adapter [AC] (on-line)
[    0.647795] input: Power Button as /devices/LNXSYSTM:00/LNXPWRBN:00/input/input0
[    0.648765] ACPI: Power Button [PWRF]
[    0.649255] input: Sleep Button as /devices/LNXSYSTM:00/LNXSLPBN:00/input/input1
[    0.650091] ACPI: Sleep Button [SLPF]
[    0.650921] Serial: 8250/16550 driver, 32 ports, IRQ sharing enabled
[    0.672017] 00:02: ttyS0 at I/O 0x3f8 (irq = 4, base_baud = 115200) is a 16550A
[    0.674076] Linux agpgart interface v0.103
[    0.678920] loop: module loaded
[    0.679907] scsi host0: ata_piix
[    0.680491] scsi host1: ata_piix
[    0.680915] ata1: PATA max UDMA/33 cmd 0x1f0 ctl 0x3f6 bmdma 0xd000 irq 14
[    0.681673] ata2: PATA max UDMA/33 cmd 0x170 ctl 0x376 bmdma 0xd008 irq 15
[    0.682775] libphy: Fixed MDIO Bus: probed
[    0.683330] tun: Universal TUN/TAP device driver, 1.6
[    0.683943] PPP generic driver version 2.4.2
[    0.684609] ehci_hcd: USB 2.0 'Enhanced' Host Controller (EHCI) Driver
[    0.685284] ehci-pci: EHCI PCI platform driver
[    0.685798] ehci-platform: EHCI generic platform driver
[    0.686335] ohci_hcd: USB 1.1 'Open' Host Controller (OHCI) Driver
[    0.686962] ohci-pci: OHCI PCI platform driver
[    0.687435] ohci-platform: OHCI generic platform driver
[    0.687974] uhci_hcd: USB Universal Host Controller Interface driver
[    0.688748] i8042: PNP: PS/2 Controller [PNP0303:PS2K,PNP0f03:PS2M] at 0x60,0x64 irq 1,12
[    0.690046] serio: i8042 KBD port at 0x60,0x64 irq 1
[    0.693652] serio: i8042 AUX port at 0x60,0x64 irq 12
[    0.694366] mousedev: PS/2 mouse device common for all mice
[    0.695438] input: AT Translated Set 2 keyboard as /devices/platform/i8042/serio0/input/input2
[    0.696676] rtc_cmos rtc_cmos: rtc core: registered rtc_cmos as rtc0
[    0.697509] rtc_cmos rtc_cmos: alarms up to one day, 114 bytes nvram
[    0.698205] i2c /dev entries driver
[    0.698680] device-mapper: uevent: version 1.0.3
[    0.699346] device-mapper: ioctl: 4.37.0-ioctl (2017-09-20) initialised: dm-devel@redhat.com
[    0.702337] ledtrig-cpu: registered to indicate activity on CPUs
[    0.703368] NET: Registered protocol family 10
[    0.706674] Segment Routing with IPv6
[    0.707113] NET: Registered protocol family 17
[    0.707767] Key type dns_resolver registered
[    0.709785] mce: Using 0 MCE banks
[    0.710363] RAS: Correctable Errors collector initialized.
[    0.711275] sched_clock: Marking stable (709755584, 0)->(929395305, -219639721)
[    0.714456] registered taskstats version 1
[    0.714962] Loading compiled-in X.509 certificates
[    0.718153] Loaded X.509 cert 'Build time autogenerated kernel key: b1772ce3e036cbf6bf2b7e9ed9be0f8806d61091'
[    0.719235] zswap: loaded using pool lzo/zbud
[    0.722554] Key type big_key registered
[    0.722987] Key type trusted registered
[    0.727032] Key type encrypted registered
[    0.727564] AppArmor: AppArmor sha1 policy hashing enabled
[    0.728456] ima: No TPM chip found, activating TPM-bypass! (rc=-19)
[    0.729217] ima: Allocated hash algorithm: sha1
[    0.729905] evm: HMAC attrs: 0x1
[    0.730573]   Magic number: 8:872:855
[    0.731207] rtc_cmos rtc_cmos: setting system clock to 2020-06-10 22:48:52 UTC (1591829332)
[    0.732262] BIOS EDD facility v0.16 2004-Jun-25, 0 devices found
[    0.732873] EDD information not available.
[    0.843352] Freeing unused kernel image memory: 2436K
[    0.871923] Write protecting the kernel read-only data: 20480k
[    0.873142] Freeing unused kernel image memory: 2008K
[    0.874996] Freeing unused kernel image memory: 1872K
[    0.883054] x86/mm: Checked W+X mappings: passed, no W+X pages found.
[    0.883788] x86/mm: Checking user space page tables
[    0.889845] x86/mm: Checked W+X mappings: passed, no W+X pages found.
Loading, please wait...
starting version 237
[    0.946793] e1000: Intel(R) PRO/1000 Network Driver - version 7.3.21-k8-NAPI
[    0.947668] e1000: Copyright (c) 1999-2006 Intel Corporation.
[    0.955952] Fusion MPT base driver 3.04.20
[    0.956471] Copyright (c) 1999-2008 LSI Corporation
[    0.985421] Fusion MPT SPI Host driver 3.04.20
[    0.987721] AVX2 version of gcm_enc/dec engaged.
[    0.988273] AES CTR mode by8 optimization enabled
[    1.181091] input: ImExPS/2 Generic Explorer Mouse as /devices/platform/i8042/serio1/input/input4
[    1.342199] e1000 0000:00:03.0 eth0: (PCI:33MHz:32-bit) 02:85:4f:0b:ef:e7
[    1.343044] e1000 0000:00:03.0 eth0: Intel(R) PRO/1000 Network Connection
[    1.345027] mptbase: ioc0: Initiating bringup
[    1.440296] ioc0: LSI53C1030 A0: Capabilities={Initiator}
[    1.693100] scsi host2: ioc0: LSI53C1030 A0, FwRev=00000000h, Ports=1, MaxQ=256, IRQ=20
[    1.860707] scsi 2:0:0:0: Direct-Access     VBOX     HARDDISK         1.0  PQ: 0 ANSI: 5
[    1.908178] scsi target2:0:0: Beginning Domain Validation
[    1.909553] scsi target2:0:0: Domain Validation skipping write tests
[    1.911031] scsi target2:0:0: Ending Domain Validation
[    1.913089] scsi target2:0:0: asynchronous
[    1.914076] scsi 2:0:1:0: Direct-Access     VBOX     HARDDISK         1.0  PQ: 0 ANSI: 5
[    2.207332] scsi target2:0:1: Beginning Domain Validation
[    2.209193] random: fast init done
[    2.209748] scsi target2:0:1: Domain Validation skipping write tests
[    2.210561] scsi target2:0:1: Ending Domain Validation
[    2.211149] scsi target2:0:1: asynchronous
[    2.214493] random: systemd-udevd: uninitialized urandom read (16 bytes read)
[    2.215183] random: systemd-udevd: uninitialized urandom read (16 bytes read)
[    2.223225] sd 2:0:0:0: Attached scsi generic sg0 type 0
[    2.227139] sd 2:0:0:0: [sda] 20971520 512-byte logical blocks: (10.7 GB/10.0 GiB)
[    2.228095] sd 2:0:0:0: [sda] Write Protect is off
[    2.228686] sd 2:0:0:0: [sda] Incomplete mode parameter data
[    2.229358] sd 2:0:0:0: [sda] Assuming drive cache: write through
[    2.231030] sd 2:0:1:0: [sdb] 20480 512-byte logical blocks: (10.5 MB/10.0 MiB)
[    2.232783] sd 2:0:1:0: [sdb] Write Protect is off
[    2.233348] sd 2:0:1:0: [sdb] Incomplete mode parameter data
[    2.233943] sd 2:0:1:0: [sdb] Assuming drive cache: write through
[    2.234753]  sda: sda1
[    2.235615] sd 2:0:1:0: Attached scsi generic sg1 type 0
[    2.236371] sd 2:0:0:0: [sda] Attached SCSI disk
[    2.237005] random: systemd-udevd: uninitialized urandom read (16 bytes read)
[    2.237556] e1000 0000:00:08.0 eth1: (PCI:33MHz:32-bit) 08:00:27:58:d8:e4
[    2.238150] sd 2:0:1:0: [sdb] Attached SCSI disk
[    2.238514] e1000 0000:00:08.0 eth1: Intel(R) PRO/1000 Network Connection
[    2.240770] e1000 0000:00:03.0 enp0s3: renamed from eth0
[    2.264614] e1000 0000:00:08.0 enp0s8: renamed from eth1
Begin: Loading essential drivers ... [    3.624135] raid6: sse2x1   gen() 14400 MB/s
[    3.672019] raid6: sse2x1   xor()  8931 MB/s
[    3.720057] raid6: sse2x2   gen() 17872 MB/s
[    3.768062] raid6: sse2x2   xor() 11800 MB/s
[    3.816020] raid6: sse2x4   gen() 18512 MB/s
[    3.864127] raid6: sse2x4   xor() 10099 MB/s
[    3.912087] raid6: avx2x1   gen() 27442 MB/s
[    3.960049] raid6: avx2x1   xor() 17115 MB/s
[    4.008571] raid6: avx2x2   gen() 31120 MB/s
[    4.056053] raid6: avx2x2   xor() 23115 MB/s
[    4.104061] raid6: avx2x4   gen() 34030 MB/s
[    4.152048] raid6: avx2x4   xor() 15383 MB/s
[    4.152591] raid6: using algorithm avx2x4 gen() 34030 MB/s
[    4.153128] raid6: .... xor() 15383 MB/s, rmw enabled
[    4.153693] raid6: using avx2x2 recovery algorithm
[    4.155141] xor: automatically using best checksumming function   avx       
[    4.158416] async_tx: api initialized (async)
done.
Begin: Running /scripts/init-premount ... done.
Begin: Mounting root file system ... Begin: Running /scripts/local-top ... done.
Begin: Running /scripts/local-premount ... [    4.198672] Btrfs loaded, crc32c=crc32c-intel
Scanning for Btrfs filesystems
done.
Warning: fsck not present, so skipping root file system
[    4.230464] EXT4-fs (sda1): mounted filesystem with ordered data mode. Opts: (null)
done.
Begin: Running /scripts/local-bottom ... done.
Begin: Running /scripts/init-bottom ... done.
[    4.423408] ip_tables: (C) 2000-2006 Netfilter Core Team
[    4.434568] systemd[1]: systemd 237 running in system mode. (+PAM +AUDIT +SELINUX +IMA +APPARMOR +SMACK +SYSVINIT +UTMP +LIBCRYPTSETUP +GCRYPT +GNUTLS +ACL +XZ +LZ4 +SECCOMP +BLKID +ELFUTILS +KMOD -IDN2 +IDN -PCRE2 default-hierarchy=hybrid)
[    4.438083] systemd[1]: Detected virtualization oracle.
[    4.438760] systemd[1]: Detected architecture x86-64.

Welcome to [1mUbuntu 18.04.4 LTS[0m!

[    4.460993] systemd[1]: Set hostname to <ubuntu-bionic>.
[    4.768605] systemd[1]: Reached target User and Group Name Lookups.
[[0;32m  OK  [0m] Reached target User and Group Name Lookups.
[    4.770836] systemd[1]: Created slice System Slice.
[[0;32m  OK  [0m] Created slice System Slice.
[    4.771804] systemd[1]: Listening on Syslog Socket.
[[0;32m  OK  [0m] Listening on Syslog Socket.
[    4.772769] systemd[1]: Listening on udev Control Socket.
[[0;32m  OK  [0m] Listening on udev Control Socket.
[    4.773856] systemd[1]: Listening on Journal Socket (/dev/log).
[[0;32m  OK  [0m] Listening on Journal Socket (/dev/log).
[    4.776050] systemd[1]: Listening on Journal Socket.
[[0;32m  OK  [0m] Listening on Journal Socket.
         Starting Uncomplicated firewall...
         Mounting Kernel Debug File System...
         Starting Load Kernel Modules...
[[0;32m  OK  [0m] Listening on Device-mapper event daemon FIFOs.
[[0;32m  OK  [0m] Created slice User and Session Slice.
[[0;32m  OK  [0m] Listening on /dev/initctl Compatibility Named Pipe.
[[0;32m  OK  [0m] Listening on LVM2 metadata daemon socket.
         Starting Monitoring of LVM2 mirrorsâ€¦ng dmeventd or progress polling...
[[0;32m  OK  [0m] Reached target System Time Synchronized.
         Starting Set the console keyboard layout...
[[0;32m  OK  [0m] Listening on Journal Audit Socket.
         Mounting POSIX Message Queue File System...
[[0;32m  OK  [0m] Reached target Slices.
[    4.806680] Loading iSCSI transport class v2.0-870.
[[0;32m  OK  [0m] Listening on udev Kernel Socket.
[[0;32m  OK  [0m] Reached target Swap.
[    4.816086] iscsi: registered transport (tcp)
         Starting Journal Service...
         Starting udev Coldplug all Devices...
[[0;32m  OK  [0m] Listening on Network Service Netlink Socket.
[[0;32m  OK  [0m] Listening on LVM2 poll daemon socket.
         Starting Remount Root and Kernel File Systems...
[[0;32m  OK  [0m] Started Forward Password Requests to Wall Directory Watch.
         Starting Create list of required stâ€¦ce nodes for the current kernel...
[[0;32m  OK  [0m] Set up automount Arbitrary Executabâ€¦rmats File System Automount Point.
[    4.868017] iscsi: registered transport (iser)
[[0;32m  OK  [0m] Created slice system-serial\x2dgetty.slice.
         Mounting Huge Pages File System...
[[0;32m  OK  [0m] Started Uncomplicated firewall.
[[0;32m  OK  [0m] Mounted Kernel Debug File System.
[[0;32m  OK  [0m] Started Load Kernel Modules.
[[0;32m  OK  [0m] Mounted POSIX Message Queue File System.
[[0;32m  OK  [0m] Started Create list of required staâ€¦vice nodes for the current kernel.
[[0;32m  OK  [0m] Mounted Huge Pages File System.
         Starting Create Static Device Nodes in /dev...
         Mounting FUSE Control File System...
         Starting Apply Kernel Variables...
         Mounting Kernel Configuration File System...
[[0;32m  OK  [0m] Mounted Kernel Configuration File System.
[[0;32m  OK  [0m] Mounted FUSE Control File System.
[    4.936209] EXT4-fs (sda1): re-mounted. Opts: (null)
[[0;32m  OK  [0m] Started Remount Root and Kernel File Systems.
         Starting Load/Save Random Seed...
[[0;32m  OK  [0m] Started Journal Service.
[[0;32m  OK  [0m] Started Set the console keyboard layout.
[[0;32m  OK  [0m] Started udev Coldplug all Devices.
[[0;32m  OK  [0m] Started Create Static Device Nodes in /dev.
[[0;32m  OK  [0m] Started Load/Save Random Seed.
[[0;32m  OK  [0m] Started LVM2 metadata daemon.
         Starting udev Kernel Device Manager...
         Starting Flush Journal to Persistent Storage...
[[0;32m  OK  [0m] Started Apply Kernel Variables.
[[0;32m  OK  [0m] Started udev Kernel Device Manager.
[[0;32m  OK  [0m] Started Dispatch Password Requests to Console Directory Watch.
[[0;32m  OK  [0m] Reached target Local Encrypted Volumes.
[[0;32m  OK  [0m] Started Monitoring of LVM2 mirrors,â€¦sing dmeventd or progress polling.
[[0;32m  OK  [0m] Reached target Local File Systems (Pre).
[[0;32m  OK  [0m] Reached target Local File Systems.
         Starting ebtables ruleset management...
         Starting Set console font and keymap...
         Starting AppArmor initialization...
         Starting Tell Plymouth To Write Out Runtime Data...
[[0;32m  OK  [0m] Started Set console font and keymap.
[[0;32m  OK  [0m] Started Tell Plymouth To Write Out Runtime Data.
[[0;32m  OK  [0m] Found device /dev/ttyS0.
[[0;32m  OK  [0m] Started ebtables ruleset management.
[[0;32m  OK  [0m] Listening on Load/Save RF Kill Switch Status /dev/rfkill Watch.
[[0;32m  OK  [0m] Started Flush Journal to Persistent Storage.
         Starting Create Volatile Files and Directories...
[[0;32m  OK  [0m] Started Create Volatile Files and Directories.
         Starting Update UTMP about System Boot/Shutdown...
[[0;32m  OK  [0m] Started Update UTMP about System Boot/Shutdown.
[[0;32m  OK  [0m] Started AppArmor initialization.
         Starting Initial cloud-init job (pre-networking)...
[    7.138628] cloud-init[573]: Cloud-init v. 19.4-33-gbb4131a2-0ubuntu1~18.04.1 running 'init-local' at Wed, 10 Jun 2020 22:48:58 +0000. Up 6.89 seconds.
[[0;32m  OK  [0m] Started Initial cloud-init job (pre-networking).
[[0;32m  OK  [0m] Reached target Network (Pre).
         Starting Network Service...
[[0;32m  OK  [0m] Started Network Service.
         Starting Network Name Resolution...
         Starting Wait for Network to be Configured...
[[0;32m  OK  [0m] Started Network Name Resolution.
[[0;32m  OK  [0m] Reached target Network.
[[0;32m  OK  [0m] Reached target Host and Network Name Lookups.
[[0;32m  OK  [0m] Started Wait for Network to be Configured.
         Starting Initial cloud-init job (metadata service crawler)...
[    9.252491] cloud-init[676]: Cloud-init v. 19.4-33-gbb4131a2-0ubuntu1~18.04.1 running 'init' at Wed, 10 Jun 2020 22:49:00 +0000. Up 9.14 seconds.
[    9.254579] cloud-init[676]: ci-info: ++++++++++++++++++++++++++++++++++++++Net device info+++++++++++++++++++++++++++++++++++++++
[    9.256490] cloud-init[676]: ci-info: +--------+------+-----------------------------+---------------+--------+-------------------+
[    9.258113] cloud-init[676]: ci-info: | Device |  Up  |           Address           |      Mask     | Scope  |     Hw-Address    |
[    9.259090] cloud-init[676]: ci-info: +--------+------+-----------------------------+---------------+--------+-------------------+
[    9.259966] cloud-init[676]: ci-info: | enp0s3 | True |          10.0.2.15          | 255.255.255.0 | global | 02:85:4f:0b:ef:e7 |
[    9.260725] cloud-init[676]: ci-info: | enp0s3 | True |  fe80::85:4fff:fe0b:efe7/64 |       .       |  link  | 02:85:4f:0b:ef:e7 |
[    9.262162] cloud-init[676]: ci-info: | enp0s8 | True |        192.168.33.15        | 255.255.255.0 | global | 08:00:27:58:d8:e4 |
[    9.263165] cloud-init[676]: ci-info: | enp0s8 | True | fe80::a00:27ff:fe58:d8e4/64 |       .       |  link  | 08:00:27:58:d8:e4 |
[    9.264224] cloud-init[676]: ci-info: |   lo   | True |          127.0.0.1          |   255.0.0.0   |  host  |         .         |
[    9.265231] cloud-init[676]: ci-info: |   lo   | True |           ::1/128           |       .       |  host  |         .         |
[    9.265943] cloud-init[676]: ci-info: +--------+------+-----------------------------+---------------+--------+-------------------+
[    9.267965] cloud-init[676]: ci-info: +++++++++++++++++++++++++++++Route IPv4 info+++++++++++++++++++++++++++++
[    9.268642] cloud-init[676]: ci-info: +-------+--------------+----------+-----------------+-----------+-------+
[    9.269269] cloud-init[676]: ci-info: | Route | Destination  | Gateway  |     Genmask     | Interface | Flags |
[    9.270009] cloud-init[676]: ci-info: +-------+--------------+----------+-----------------+-----------+-------+
[    9.270728] cloud-init[676]: ci-info: |   0   |   0.0.0.0    | 10.0.2.2 |     0.0.0.0     |   enp0s3  |   UG  |
[    9.271331] cloud-init[676]: ci-info: |   1   |   10.0.2.0   | 0.0.0.0  |  255.255.255.0  |   enp0s3  |   U   |
[    9.272034] cloud-init[676]: ci-info: |   2   |   10.0.2.2   | 0.0.0.0  | 255.255.255.255 |   enp0s3  |   UH  |
[    9.272694] cloud-init[676]: ci-info: |   3   | 192.168.33.0 | 0.0.0.0  |  255.255.255.0  |   enp0s8  |   U   |
[    9.273553] cloud-init[676]: ci-info: +-------+--------------+----------+-----------------+-----------+-------+
[    9.274516] cloud-init[676]: ci-info: +++++++++++++++++++Route IPv6 info+++++++++++++++++++
[    9.284336] cloud-init[676]: ci-info: +-------+-------------+---------+-----------+-------+
[    9.285169] cloud-init[676]: ci-info: | Route | Destination | Gateway | Interface | Flags |
[    9.285929] cloud-init[676]: ci-info: +-------+-------------+---------+-----------+-------+
[    9.286516] cloud-init[676]: ci-info: |   1   |  fe80::/64  |    ::   |   enp0s8  |   U   |
[    9.287070] cloud-init[676]: ci-info: |   2   |  fe80::/64  |    ::   |   enp0s3  |   U   |
[    9.287627] cloud-init[676]: ci-info: |   4   |    local    |    ::   |   enp0s3  |   U   |
[    9.288175] cloud-init[676]: ci-info: |   5   |    local    |    ::   |   enp0s8  |   U   |
[    9.288784] cloud-init[676]: ci-info: |   6   |   ff00::/8  |    ::   |   enp0s8  |   U   |
[    9.289356] cloud-init[676]: ci-info: |   7   |   ff00::/8  |    ::   |   enp0s3  |   U   |
[    9.289842] cloud-init[676]: ci-info: +-------+-------------+---------+-----------+-------+
[[0;32m  OK  [0m] Started Initial cloud-init job (metadata service crawler).
[[0;32m  OK  [0m] Reached target System Initialization.
[[0;32m  OK  [0m] Listening on D-Bus System Message Bus Socket.
[[0;32m  OK  [0m] Started ACPI Events Check.
[[0;32m  OK  [0m] Listening on ACPID Listen Socket.
[[0;32m  OK  [0m] Started Daily apt download activities.
[[0;32m  OK  [0m] Started Message of the Day.
[[0;32m  OK  [0m] Reached target Paths.
[[0;32m  OK  [0m] Listening on UUID daemon activation socket.
         Starting LXD - unix socket.
[[0;32m  OK  [0m] Started Daily apt upgrade and clean activities.
[[0;32m  OK  [0m] Listening on Open-iSCSI iscsid Socket.
[[0;32m  OK  [0m] Started Daily Cleanup of Temporary Directories.
[[0;32m  OK  [0m] Started Discard unused blocks once a week.
         Starting Socket activation for snappy daemon.
[[0;32m  OK  [0m] Started Clean PHP session files every 30 mins.
[[0;32m  OK  [0m] Reached target Timers.
[[0;32m  OK  [0m] Reached target Cloud-config availability.
[[0;32m  OK  [0m] Reached target Network is Online.
         Starting Availability of block devices...
[[0;32m  OK  [0m] Reached target Remote File Systems (Pre).
[[0;32m  OK  [0m] Reached target Remote File Systems.
[[0;32m  OK  [0m] Listening on LXD - unix socket.
[[0;32m  OK  [0m] Listening on Socket activation for snappy daemon.
[[0;32m  OK  [0m] Reached target Sockets.
[[0;32m  OK  [0m] Reached target Basic System.
[[0;32m  OK  [0m] Started Regular background program processing daemon.
         Starting LSB: Record successful boot for GRUB...
         Starting Permit User Sessions...
         Starting LSB: automatic crash report generation...
[[0;32m  OK  [0m] Started irqbalance daemon.
         Starting Clean php session files...
         Starting OpenBSD Secure Shell server...
         Starting Accounts Service...
         Starting Message of the Day...
         Starting Snappy daemon...
         Starting System Logging Service...
[[0;32m  OK  [0m] Started Deferred execution scheduler.
         Starting Dispatcher daemon for systemd-networkd...
         Starting Virtualbox guest utils...
         Starting The Apache HTTP Server...
[[0;32m  OK  [0m] Started D-Bus System Message Bus.
         Starting LXD - container startup/shutdown...
         Starting Login Service...
[[0;32m  OK  [0m] Started FUSE filesystem for LXC.
[[0;32m  OK  [0m] Started System Logging Service.
[[0;32m  OK  [0m] Started Availability of block devices.
[[0;32m  OK  [0m] Started Permit User Sessions.
[[0;32m  OK  [0m] Started OpenBSD Secure Shell server.
         Starting Hold until boot process finishes up...
         Starting Terminate Plymouth Boot Screen...
[[0;32m  OK  [0m] Started Hold until boot process finishes up.
[[0;32m  OK  [0m] Started Serial Getty on ttyS0.
         Starting Set console scheme...
[[0;32m  OK  [0m] Started Terminate Plymouth Boot Screen.
[[0;32m  OK  [0m] Started Set console scheme.
[[0;32m  OK  [0m] Created slice system-getty.slice.
[[0;32m  OK  [0m] Started Getty on tty1.
[[0;32m  OK  [0m] Reached target Login Prompts.
[[0;32m  OK  [0m] Started Login Service.
[[0;32m  OK  [0m] Started Unattended Upgrades Shutdown.
         Starting Authorization Manager...
[[0;32m  OK  [0m] Started LSB: automatic crash report generation.
[[0;32m  OK  [0m] Started Authorization Manager.
[[0;32m  OK  [0m] Started Accounts Service.
[[0;32m  OK  [0m] Started LSB: Record successful boot for GRUB.
[[0;32m  OK  [0m] Started Virtualbox guest utils.
[[0;32m  OK  [0m] Started LXD - container startup/shutdown.
[[0;32m  OK  [0m] Started The Apache HTTP Server.
[[0;32m  OK  [0m] Started Dispatcher daemon for systemd-networkd.
[[0;32m  OK  [0m] Started Clean php session files.
[[0;32m  OK  [0m] Started Snappy daemon.
         Starting Wait until snapd is fully seeded...
[[0;32m  OK  [0m] Started Wait until snapd is fully seeded.
         Starting Apply the settings specified in cloud-config...
[[0;32m  OK  [0m] Reached target Multi-User System.
[[0;32m  OK  [0m] Reached target Graphical Interface.
         Starting Update UTMP about System Runlevel Changes...
[[0;32m  OK  [0m] Started Update UTMP about System Runlevel Changes.
[   11.339501] cloud-init[1255]: Cloud-init v. 19.4-33-gbb4131a2-0ubuntu1~18.04.1 running 'modules:config' at Wed, 10 Jun 2020 22:49:02 +0000. Up 11.18 seconds.
[[0;32m  OK  [0m] Started Apply the settings specified in cloud-config.
         Starting Execute cloud user/final scripts...
[[0;32m  OK  [0m] Started Message of the Day.
[   11.722473] cloud-init[1306]: Cloud-init v. 19.4-33-gbb4131a2-0ubuntu1~18.04.1 running 'modules:final' at Wed, 10 Jun 2020 22:49:03 +0000. Up 11.64 seconds.
[   11.723432] cloud-init[1306]: Cloud-init v. 19.4-33-gbb4131a2-0ubuntu1~18.04.1 finished at Wed, 10 Jun 2020 22:49:03 +0000. Datasource DataSourceNoCloud [seed=/dev/sdb][dsmode=net].  Up 11.71 seconds
[[0;32m  OK  [0m] Started Execute cloud user/final scripts.
[[0;32m  OK  [0m] Reached target Cloud-init target.
         Starting Daily apt download activities...
[[0;32m  OK  [0m] Created slice User Slice of vagrant.
         Starting User Manager for UID 1000...
[[0;32m  OK  [0m] Started Session 1 of user vagrant.
[[0;32m  OK  [0m] Started User Manager for UID 1000.
[[0;32m  OK  [0m] Started Daily apt download activities.

Ubuntu 18.04.4 LTS ubuntu-bionic ttyS0

ubuntu-bionic login: [[0;32m  OK  [0m] Stopped target Graphical Interface.
[[0;32m  OK  [0m] Stopped target Timers.
[[0;32m  OK  [0m] Stopped Daily apt upgrade and clean activities.
[[0;32m  OK  [0m] Stopped Clean PHP session files every 30 mins.
[[0;32m  OK  [0m] Stopped Discard unused blocks once a week.
[[0;32m  OK  [0m] Stopped target Cloud-init target.
[[0;32m  OK  [0m] Stopped Execute cloud user/final scripts.
[[0;32m  OK  [0m] Stopped target Multi-User System.
         Stopping FUSE filesystem for LXC...
         Stopping Virtualbox guest utils...
         Stopping OpenBSD Secure Shell server...
         Stopping LSB: Record successful boot for GRUB...
[[0;32m  OK  [0m] Stopped Apply the settings specified in cloud-config.
[[0;32m  OK  [0m] Stopped Wait until snapd is fully seeded.
[[0;32m  OK  [0m] Stopped target Cloud-config availability.
[[0;32m  OK  [0m] Stopped target Network is Online.
         Stopping Availability of block devices...
         Stopping irqbalance daemon...
         Stopping User Manager for UID 1000...
         Stopping System Logging Service...
         Stopping Dispatcher daemon for systemd-networkd...
[[0;32m  OK  [0m] St         Stopping LXD - container startup/shutdown...
         Stopping D-Bus System Message Bus...
[[0;32m  OK  [0m] Stopped Daily Cleanup of Temporary Directories.
         Stopping Deferred execution scheduler...
[[0;32m  OK  [0m] Stopped Message of the Day.
[[0;32m  OK  [0m] Stopped target System Time Synchronized.
         Stopping Authorization Manager...
[[0;32m  OK  [0m] Closed Load/Save RF Kill Switch Status /dev/rfkill Watch.
         Stopping The Apache HTTP Server...
         Stopping Unattended Upgrades Shutdown...
         Stopping Regular background program processing daemon...
         Stopping Accounts Service...
         Stopping Session 55 of user vagrant.
         Stopping LSB: automatic crash report generation...
[[0;32m  OK  [0m] Unmounted /var/lib/lxcfs.
[[0;32m  OK  [0m] Stopped Regular background program processing daemon.
[[0;32m  OK  [0m] Stopped irqbalance daemon.
[[0;32m  OK  [0m] Stopped Deferred execution scheduler.
[[0;32m  OK  [0m] Stopped Dispatcher daemon for systemd-networkd.
[[0;32m  OK  [0m] Stopped OpenBSD Secure Shell server.
[[0;32m  OK  [0m] Stopped System Logging Service.
[[0;32m  OK  [0m] Stopped Serial Getty on ttyS0.
[[0;32m  OK  [0m] Stopped Getty on tty1.
[[0;32m  OK  [0m] Stopped Accounts Service.
[[0;32m  OK  [0m] Stopped User Manager for UID 1000.
[[0;32m  OK  [0m] Removed slice system-getty.slice.
[[0;32m  OK  [0m] Removed slice system-serial\x2dgetty.slice.
[[0;32m  OK  [0m] Stopped Authorization Manager.
[[0;32m  OK  [0m] Stopped D-Bus System Message Bus.
[[0;32m  OK  [0m] Stopped LXD - container startup/shutdown.
[[0;32m  OK  [0m] Stopped Session 55 of user vagrant.
[[0;32m  OK  [0m] Stopped LSB: automatic crash report generation.
[[0;32m  OK  [0m] Stopped Unattended Upgrades Shutdown.
[[0;32m  OK  [0m] Stopped LSB: Record successful boot for GRUB.
[[0;32m  OK  [0m] Stopped Availability of block devices.
[[0;32m  OK  [0m] Removed slice User Slice of vagrant.
         Stopping Permit User Sessions...
         Stopping Login Service...
[[0;32m  OK  [0m] Stopped FUSE filesystem for LXC.
[[0;32m  OK  [0m] Stopped Virtualbox guest utils.
[[0;32m  OK  [0m] Stopped Permit User Sessions.
[[0;32m  OK  [0m] Stopped The Apache HTTP Server.
[[0;32m  OK  [0m] Stopped target Host and Network Name Lookups.
[[0;32m  OK  [0m] Stopped target Network.
         Stopping Network Name Resolution...
[[0;32m  OK  [0m] Stopped target Remote File Systems.
[[0;32m  OK  [0m] Stopped target Remote File Systems (Pre).
[[0;32m  OK  [0m] Stopped Login Service.
[[0;32m  OK  [0m] Stopped Network Name Resolution.
         Stopping Network Service...
[[0;32m  OK  [0m] Stopped target Basic System.
[[0;32m  OK  [0m] Stopped target Sockets.
[[0;32m  OK  [0m] Closed Socket activation for snappy daemon.
[[0;32m  OK  [0m] Closed Open-iSCSI iscsid Socket.
[[0;32m  OK  [0m] Closed LXD - unix socket.
[[0;32m  OK  [0m] Closed ACPID Listen Socket.
[[0;32m  OK  [0m] Closed UUID daemon activation socket.
[[0;32m  OK  [0m] Closed Syslog Socket.
[[0;32m  OK  [0m] Stopped target Slices.
[[0;32m  OK  [0m] Stopped target Paths.
[[0;32m  OK  [0m] Stopped ACPI Events Check.
[[0;32m  OK  [0m] Closed D-Bus System Message Bus Socket.
[[0;32m  OK  [0m] Stopped target System Initialization.
[[0;32m  OK  [0m] Stopped target Local Encrypted Volumes.
[[0;32m  OK  [0m] Stopped Forward Password Requests to Wall Directory Watch.
[[0;32m  OK  [0m] Stopped Dispatch Password Requests to Console Directory Watch.
         Stopping Load/Save Random Seed...
[[0;32m  OK  [0m] Stopped Initial cloud-init job (metadata service crawler).
         Stopping Update UTMP about System Boot/Shutdown...
[[0;32m  OK  [0m] Stopped target User and Group Name Lookups.
[[0;32m  OK  [0m] Removed slice User and Session Slice.
[[0;32m  OK  [0m] Stopped Network Service.
[[0;32m  OK  [0m] Stopped Apply Kernel Variables.
[[0;32m  OK  [0m] Stopped Load Kernel Modules.
[[0;32m  OK  [0m] Stopped target Network (Pre).
[[0;32m  OK  [0m] Stopped Initial cloud-init job (pre-networking).
[[0;32m  OK  [0m] Stopped Load/Save Random Seed.
[[0;32m  OK  [0m] Stopped Update UTMP about System Boot/Shutdown.
[[0;32m  OK  [0m] Stopped Create Volatile Files and Directories.
[[0;32m  OK  [0m] Stopped target Local File Systems.
         Unmounting /vagrant...
         Unmounting /var/www/neverForgetAText...
         Unmounting /home/projects/personal-local-dev-setup/neverForgetAText...
         Unmounting /run/user/1000...
[[0;32m  OK  [0m] Unmounted /run/user/1000.
[[0;32m  OK  [0m] Stopped target Swap.
[[0;32m  OK  [0m] Unmounted /vagrant.
[[0;32m  OK  [0m] Unmounted /home/projects/personal-local-dev-setup/neverForgetAText.
[[0;32m  OK  [0m] Unmounted /var/www/neverForgetAText.
[[0;32m  OK  [0m] Reached target Unmount All Filesystems.
[[0;32m  OK  [0m] Stopped target Local File Systems (Pre).
         Stopping Monitoring of LVM2 mirrorsâ€¦ng dmeventd or progress polling...
[[0;32m  OK  [0m] Stopped Create Static Device Nodes in /dev.
[[0;32m  OK  [0m] Stopped Remount Root and Kernel File Systems.
[[0;32m  OK  [0m] Reached target Shutdown.
[[0;32m  OK  [0m] Reached target Final Step.
         Starting Power-Off...
[[0;32m  OK  [0m] Stopped Monitoring of LVM2 mirrors,â€¦sing dmeventd or progress polling.
         Stopping LVM2 metadata daemon...
[[0;32m  OK  [0m] Stopped LVM2 metadata daemon.
[57458.427169] reboot: Power down
